SQL> set linesize 200;
SQL> set pagesize 100;
SQL> select * from employee;

    EMP_NO FNAME        LNAME        DOB       ADDRESS                                                                                                                                                  
---------- ------------ ------------ --------- ------------------------------                                                                                                                           
       106 Rahul        Makvana      24-SEP-95 Gujarat                                                                                                                                                  
       101 Jay          Shah         01-JAN-90 Mumbai                                                                                                                                                   
       102 Amit         Patel        10-FEB-89 Delhi                                                                                                                                                    
       103 Nina         Joshi        12-JUL-91 Bangalore                                                                                                                                                
       104 Ravi         Kumar        05-NOV-87 Chennai                                                                                                                                                  
       105 Meena        Sharma       14-MAR-93 Pune                                                                                                                                                     

6 rows selected.

SQL> commit;

Commit complete.

SQL> select tname from tab;

TNAME                                                                                                                                                                                                   
--------------------------------------------------------------------------------------------------------------------------------                                                                        
DEPT                                                                                                                                                                                                    
EMP                                                                                                                                                                                                     
CLIENT_MASTER                                                                                                                                                                                           
PRODUCT_MASTER                                                                                                                                                                                          
SALES_ORDER                                                                                                                                                                                             
SALES_ORDER_DETAILS                                                                                                                                                                                     
TREM_MASTER                                                                                                                                                                                             
ENTRANCE_TEST                                                                                                                                                                                           
ETEST_DETAILS                                                                                                                                                                                           
DISTRIBUTOR                                                                                                                                                                                             
DIST_ITEM                                                                                                                                                                                               
SMAN_MST                                                                                                                                                                                                
SALESMAN_MASTER                                                                                                                                                                                         
APPLICANT_MASTER                                                                                                                                                                                        
ITEM                                                                                                                                                                                                    
WORKER                                                                                                                                                                                                  
JOB                                                                                                                                                                                                     
ASSIGNED                                                                                                                                                                                                
STUDENT                                                                                                                                                                                                 
COURSE                                                                                                                                                                                                  
ENROLL                                                                                                                                                                                                  
EMPLOYEE                                                                                                                                                                                                
COMPANY                                                                                                                                                                                                 
CUSTOMER                                                                                                                                                                                                

24 rows selected.

SQL> select * from SALESMAN_MASTER;

S_NO  NAME                 AREA       ADD2            CITY          PINCODE STATE               SALARY     TARGET      SALES EXPERIENCE                                                                 
----- -------------------- ---------- --------------- ---------- ---------- --------------- ---------- ---------- ---------- ------------------------------                                             
S001  AMAN                 3,DEV APPT VAGHODIA        BARODA                GUJRAT                5000        100         50                                                                            
S002  OMKAR                NULL       NULL            BHOPAL                MP                    4500        200        150                                                                            
S003  RAJ                  B-104      VERLI           MUMBAI         400002 MAHARASHTRA           5500        200        200                                                                            
S004  ASHISH               1,SMRUTI   GHODDOL         SURAT                 GUJRAT                4500        150        100                                                                            
S005  Meera                10, Lotus  Alkapuri        Vadodara       390007 Gujarat               6000        300        250                                                                            
S006  Karan                Sector-17  Navrangpura     Ahmedabad      380009 Gujarat               5500        220        180                                                                            
S007  Priya                L-12       MG Road         Pune           411001 Maharashtra           5200        180        160                                                                            
S008  Dev                  House-22   Civil Lines     Delhi          110054 Delhi                 5800        250        200                                                                            
S009  Sahil                Flat-4     Indira Nagar    Lucknow        226016 UP                    4900        160        140                                                                            
S010  Nidhi                Block-7    Park Street     Kolkata        700016 WB                    5300        210        190                                                                            

10 rows selected.

SQL> select * from SALES_ORDER;

ORDE CLIEN ORDER_DAT SALE D B DELIVERY_ ORDER_STATUS                                                                                                                                                    
---- ----- --------- ---- - - --------- --------------------                                                                                                                                            
O001 C001  29-AUG-25 S001 F Y 03-SEP-25 Fulfilled                                                                                                                                                       
O002 C002  30-AUG-25 S002 P N 06-SEP-25 Pending                                                                                                                                                         
O003 C003  31-AUG-25 S003 F Y 08-SEP-25 Fulfilled                                                                                                                                                       
O004 C004  01-SEP-25 S004 P N 10-SEP-25 In Process                                                                                                                                                      
O005 C005  02-SEP-25 S005 F Y 11-SEP-25 Fulfilled                                                                                                                                                       
O006 C006  03-SEP-25 S006 P Y 15-SEP-25 Pending                                                                                                                                                         
O007 C007  04-SEP-25 S007 F N 16-SEP-25 In Process                                                                                                                                                      
O008 C008  05-SEP-25 S008 P Y 17-SEP-25 Pending                                                                                                                                                         
O009 C009  06-SEP-25 S009 F Y 18-SEP-25 Fulfilled                                                                                                                                                       
O010 C010  07-SEP-25 S010 P N 19-SEP-25 In Process                                                                                                                                                      

10 rows selected.

SQL> -- 1. Display the salesman name who have processed Order_No 1
SQL> select s.name from SALESMAN_MASTER s join SALES_ORDER o on o.Salesman_No=s.s_no where o.Order_No='O001';

NAME                                                                                                                                                                                                    
--------------------                                                                                                                                                                                    
AMAN                                                                                                                                                                                                    

SQL> -- 2. Display datewise (dates in descending order) order details with salesman name and product name.
SQL> select * from SALES_ORDER_DETAILS;

ORDE PROD QTY_ORDERED QTY_DISPATCHED PRODUCT_RATE                                                                                                                                                       
---- ---- ----------- -------------- ------------                                                                                                                                                       
O001 P001          10             10         3500                                                                                                                                                       
O002 P002           5              4         2000                                                                                                                                                       
O003 P003           8              8         2800                                                                                                                                                       
O004 P004           6              3         2400                                                                                                                                                       
O005 P005          12             12         5400                                                                                                                                                       
O006 P006           7              6         4200                                                                                                                                                       
O007 P007          15             12         1800                                                                                                                                                       
O008 P008           9              8         8000                                                                                                                                                       
O009 P009          20             20         4000                                                                                                                                                       
O010 P010           4              2         3000                                                                                                                                                       

10 rows selected.

SQL> select * from PRODUCT_MASTER;

P_NO  DESCRIPTION          PROFIT_PER UNIT         QTY_HAND   RE_ORDER     SELL_P     COST_P                                                                                                            
----- -------------------- ---------- ---------- ---------- ---------- ---------- ----------                                                                                                            
P001  T-SHIRT                       5 PIECE             200         50        350        250                                                                                                            
P002  JEANS                         6 PIECE             250         40        500        350                                                                                                            
P003  SKIRT                         6 PIECE             100         50        350        200                                                                                                            
P004  SAREE                         3 PIECE             100         20        800        600                                                                                                            
P005  Shirt                         4 Piece             300         60        450        300                                                                                                            
P006  Kurta                         7 Piece             120         30        700        500                                                                                                            
P007  Cap                           8 Piece             250         40        150         90                                                                                                            
P008  Shoes                         5 Pair              180         50       1000        700                                                                                                            
P009  Belt                          4 Piece             220         30        200        120                                                                                                            
P010  Jacket                        6 Piece              80         20       1500       1000                                                                                                            

10 rows selected.

SQL> select o.ORDER_DATE,s.name,p.DESCRIPTION from SALES_ORDER o join SALESMAN_MASTER s on s.S_NO=o.Salesman_No join SALES_ORDER_DETAILS od on o.Order_No=od.Order_No join PRODUCT_MASTER p on p.P_NO=od.Product_No where order by(ORDER_DATE desc);
select o.ORDER_DATE,s.name,p.DESCRIPTION from SALES_ORDER o join SALESMAN_MASTER s on s.S_NO=o.Salesman_No join SALES_ORDER_DETAILS od on o.Order_No=od.Order_No join PRODUCT_MASTER p on p.P_NO=od.Product_No where order by(ORDER_DATE desc)
                                                                                                                                                                                                                     *
ERROR at line 1:
ORA-00936: missing expression 


SQL> select o.ORDER_DATE,s.name,p.DESCRIPTION from SALES_ORDER o join SALESMAN_MASTER s on s.S_NO=o.Salesman_No join SALES_ORDER_DETAILS od on o.Order_No=od.Order_No join PRODUCT_MASTER p on p.P_NO=od.Product_No order by(ORDER_DATE desc);
select o.ORDER_DATE,s.name,p.DESCRIPTION from SALES_ORDER o join SALESMAN_MASTER s on s.S_NO=o.Salesman_No join SALES_ORDER_DETAILS od on o.Order_No=od.Order_No join PRODUCT_MASTER p on p.P_NO=od.Product_No order by(ORDER_DATE desc)
                                                                                                                                                                                                                                   *
ERROR at line 1:
ORA-00907: missing right parenthesis 


SQL> select o.ORDER_DATE,s.name,p.DESCRIPTION from SALES_ORDER o join SALESMAN_MASTER s on s.S_NO=o.Salesman_No join SALES_ORDER_DETAILS od on o.Order_No=od.Order_No join PRODUCT_MASTER p on p.P_NO=od.Product_No order by o.ORDER_DATE desc;

ORDER_DAT NAME                 DESCRIPTION                                                                                                                                                              
--------- -------------------- --------------------                                                                                                                                                     
07-SEP-25 Nidhi                Jacket                                                                                                                                                                   
06-SEP-25 Sahil                Belt                                                                                                                                                                     
05-SEP-25 Dev                  Shoes                                                                                                                                                                    
04-SEP-25 Priya                Cap                                                                                                                                                                      
03-SEP-25 Karan                Kurta                                                                                                                                                                    
02-SEP-25 Meera                Shirt                                                                                                                                                                    
01-SEP-25 ASHISH               SAREE                                                                                                                                                                    
31-AUG-25 RAJ                  SKIRT                                                                                                                                                                    
30-AUG-25 OMKAR                JEANS                                                                                                                                                                    
29-AUG-25 AMAN                 T-SHIRT                                                                                                                                                                  

10 rows selected.

SQL> select o.ORDER_DATE,s.name as salesman_name,p.DESCRIPTION as product_name from SALES_ORDER o join SALESMAN_MASTER s on s.S_NO=o.Salesman_No join SALES_ORDER_DETAILS od on o.Order_No=od.Order_No join PRODUCT_MASTER p on p.P_NO=od.Product_No order by o.ORDER_DATE desc;

ORDER_DAT SALESMAN_NAME        PRODUCT_NAME                                                                                                                                                             
--------- -------------------- --------------------                                                                                                                                                     
07-SEP-25 Nidhi                Jacket                                                                                                                                                                   
06-SEP-25 Sahil                Belt                                                                                                                                                                     
05-SEP-25 Dev                  Shoes                                                                                                                                                                    
04-SEP-25 Priya                Cap                                                                                                                                                                      
03-SEP-25 Karan                Kurta                                                                                                                                                                    
02-SEP-25 Meera                Shirt                                                                                                                                                                    
01-SEP-25 ASHISH               SAREE                                                                                                                                                                    
31-AUG-25 RAJ                  SKIRT                                                                                                                                                                    
30-AUG-25 OMKAR                JEANS                                                                                                                                                                    
29-AUG-25 AMAN                 T-SHIRT                                                                                                                                                                  

10 rows selected.

SQL> -- 2. Display datewise (dates in descending order) order details with salesman name and product name.
SQL> select o.ORDER_DATE,s.name as salesman_name,p.DESCRIPTION as product_name,od.PRODUCT_RATE from SALES_ORDER o join SALESMAN_MASTER s on s.S_NO=o.Salesman_No join SALES_ORDER_DETAILS od on o.Order_No=od.Order_No join PRODUCT_MASTER p on p.P_NO=od.Product_No order by o.ORDER_DATE desc;

ORDER_DAT SALESMAN_NAME        PRODUCT_NAME         PRODUCT_RATE                                                                                                                                        
--------- -------------------- -------------------- ------------                                                                                                                                        
07-SEP-25 Nidhi                Jacket                       3000                                                                                                                                        
06-SEP-25 Sahil                Belt                         4000                                                                                                                                        
05-SEP-25 Dev                  Shoes                        8000                                                                                                                                        
04-SEP-25 Priya                Cap                          1800                                                                                                                                        
03-SEP-25 Karan                Kurta                        4200                                                                                                                                        
02-SEP-25 Meera                Shirt                        5400                                                                                                                                        
01-SEP-25 ASHISH               SAREE                        2400                                                                                                                                        
31-AUG-25 RAJ                  SKIRT                        2800                                                                                                                                        
30-AUG-25 OMKAR                JEANS                        2000                                                                                                                                        
29-AUG-25 AMAN                 T-SHIRT                      3500                                                                                                                                        

10 rows selected.

SQL> -- 3. Display the unique product names, whose order status is still pending
SQL> ed
Wrote file afiedt.buf

  1* select DISTINCT p.DESCRIPTION as product_name from PRODUCT_MASTER p join SALES_ORDER_DETAILS od on p.P_NO=od.Product_No join SALES_ORDER o on o.Order_No=od.Order_No where ORDER_STATUS='Pending'
SQL> select DISTINCT p.DESCRIPTION as product_name from PRODUCT_MASTER p join SALES_ORDER_DETAILS od on p.P_NO=od.Product_No join SALES_ORDER o on o.Order_No=od.Order_No where ORDER_STATUS='Pending';

PRODUCT_NAME                                                                                                                                                                                            
--------------------                                                                                                                                                                                    
JEANS                                                                                                                                                                                                   
Kurta                                                                                                                                                                                                   
Shoes                                                                                                                                                                                                   

SQL> -- 4. Display the Client_name who has made order on 15th Aug, 2025
SQL> select * from CLIENT_MASTER;

C_NO CLIENT_NAME             PINCODE BIRTH_DAT OCCUPATION                      MOBILE_NO                                                                                                                
---- -------------------- ---------- --------- ------------------------------ ----------                                                                                                                
C001 Kajal Oza                380036 14-JUL-87 Manager                                                                                                                                                  
C002 Vraj Shah                380058 20-NOV-86 CEO                                                                                                                                                      
C003 Dhyan Dave               387903 17-JUN-88 Doctor                                                                                                                                                   
C004 Miral Vaid               398006 05-JAN-76 Professor                                                                                                                                                
C005 Preeti Patel             390040 28-FEB-71 Clerk                                                                                                                                                    
C006 Rohit Mehta              380015 30-APR-90 Engineer                       1234567890                                                                                                                

6 rows selected.

SQL> select * from SALES_ORDER;

ORDE CLIEN ORDER_DAT SALE D B DELIVERY_ ORDER_STATUS                                                                                                                                                    
---- ----- --------- ---- - - --------- --------------------                                                                                                                                            
O001 C001  29-AUG-25 S001 F Y 03-SEP-25 Fulfilled                                                                                                                                                       
O002 C002  30-AUG-25 S002 P N 06-SEP-25 Pending                                                                                                                                                         
O003 C003  31-AUG-25 S003 F Y 08-SEP-25 Fulfilled                                                                                                                                                       
O004 C004  01-SEP-25 S004 P N 10-SEP-25 In Process                                                                                                                                                      
O005 C005  02-SEP-25 S005 F Y 11-SEP-25 Fulfilled                                                                                                                                                       
O006 C006  03-SEP-25 S006 P Y 15-SEP-25 Pending                                                                                                                                                         
O007 C007  04-SEP-25 S007 F N 16-SEP-25 In Process                                                                                                                                                      
O008 C008  05-SEP-25 S008 P Y 17-SEP-25 Pending                                                                                                                                                         
O009 C009  06-SEP-25 S009 F Y 18-SEP-25 Fulfilled                                                                                                                                                       
O010 C010  07-SEP-25 S010 P N 19-SEP-25 In Process                                                                                                                                                      

10 rows selected.

SQL> -- not any order on 15th Aug, 2025, update record
SQL> update SALES_ORDER set order_date='15-AUG-25' where order_date='31-AUG-25';

0 rows updated.

SQL> update SALES_ORDER set order_date='15-AUG-25' where order_no='O003';

1 row updated.

SQL> select * from SALES_ORDER;

ORDE CLIEN ORDER_DAT SALE D B DELIVERY_ ORDER_STATUS                                                                                                                                                    
---- ----- --------- ---- - - --------- --------------------                                                                                                                                            
O001 C001  29-AUG-25 S001 F Y 03-SEP-25 Fulfilled                                                                                                                                                       
O002 C002  30-AUG-25 S002 P N 06-SEP-25 Pending                                                                                                                                                         
O003 C003  15-AUG-25 S003 F Y 08-SEP-25 Fulfilled                                                                                                                                                       
O004 C004  01-SEP-25 S004 P N 10-SEP-25 In Process                                                                                                                                                      
O005 C005  02-SEP-25 S005 F Y 11-SEP-25 Fulfilled                                                                                                                                                       
O006 C006  03-SEP-25 S006 P Y 15-SEP-25 Pending                                                                                                                                                         
O007 C007  04-SEP-25 S007 F N 16-SEP-25 In Process                                                                                                                                                      
O008 C008  05-SEP-25 S008 P Y 17-SEP-25 Pending                                                                                                                                                         
O009 C009  06-SEP-25 S009 F Y 18-SEP-25 Fulfilled                                                                                                                                                       
O010 C010  07-SEP-25 S010 P N 19-SEP-25 In Process                                                                                                                                                      

10 rows selected.

SQL> -- 4. Display the Client_name who has made order on 15th Aug, 2025
SQL> select c.CLIENT_NAME from CLIENT_MASTER c join SALES_ORDER s on s.Client_No=c.c_no;

CLIENT_NAME                                                                                                                                                                                             
--------------------                                                                                                                                                                                    
Kajal Oza                                                                                                                                                                                               
Vraj Shah                                                                                                                                                                                               
Dhyan Dave                                                                                                                                                                                              
Miral Vaid                                                                                                                                                                                              
Preeti Patel                                                                                                                                                                                            
Rohit Mehta                                                                                                                                                                                             

6 rows selected.

SQL> select c.CLIENT_NAME from CLIENT_MASTER c join SALES_ORDER s on s.Client_No=c.c_no where order_date='15-AUG-25';

CLIENT_NAME                                                                                                                                                                                             
--------------------                                                                                                                                                                                    
Dhyan Dave                                                                                                                                                                                              

SQL> -- 5. Display the salesman_no and his order_no where quantity ordered and quantity dispatched are not equal
SQL> select s.Salesman_No, s.Order_No from Sales_Order s join Sales_Order_Details so on so.Order_No=s.Order_No where so.Qty_Ordered=so.Qty_Dispatched;

SALE ORDE                                                                                                                                                                                               
---- ----                                                                                                                                                                                               
S001 O001                                                                                                                                                                                               
S003 O003                                                                                                                                                                                               
S005 O005                                                                                                                                                                                               
S009 O009                                                                                                                                                                                               

SQL> -- Q2 tables -> APPLICANT, ENTRANCE_TEST, ETEST_DETAILS
SQL> select * from APPLICANT_MASTER;

AID  A_NAME                         CITY                                               B_DATE    HOBBY                                                                                                  
---- ------------------------------ -------------------------------------------------- --------- ------------------------------                                                                         
A001 Ravi                           Baroda                                             12-MAY-00                                                                                                        
A002 Neha                           Surat                                              23-AUG-99                                                                                                        
A003 Amit                           Mumbai                                             14-FEB-01                                                                                                        
A004 Pooja                          Delhi                                              05-NOV-00                                                                                                        
A005 Karan                          Pune                                               30-SEP-98                                                                                                        
A006 Sita                           Kolkata                                            17-JUL-00                                                                                                        
A007 Mohan                          Lucknow                                            25-JAN-01                                                                                                        
A008 Anjali                         Jaipur                                             19-APR-99                                                                                                        
A009 Vikas                          Nagpur                                             10-JUN-00                                                                                                        
A010 Deepa                          Chennai                                            28-DEC-01                                                                                                        

10 rows selected.

SQL> create table APPLICANT as select AID,A_NAME,CITY,B_DATE from APPLICANT_MASTER;

Table created.

SQL> commit;

Commit complete.

SQL> select * from APPLICANT;

AID  A_NAME                         CITY                                               B_DATE                                                                                                           
---- ------------------------------ -------------------------------------------------- ---------                                                                                                        
A001 Ravi                           Baroda                                             12-MAY-00                                                                                                        
A002 Neha                           Surat                                              23-AUG-99                                                                                                        
A003 Amit                           Mumbai                                             14-FEB-01                                                                                                        
A004 Pooja                          Delhi                                              05-NOV-00                                                                                                        
A005 Karan                          Pune                                               30-SEP-98                                                                                                        
A006 Sita                           Kolkata                                            17-JUL-00                                                                                                        
A007 Mohan                          Lucknow                                            25-JAN-01                                                                                                        
A008 Anjali                         Jaipur                                             19-APR-99                                                                                                        
A009 Vikas                          Nagpur                                             10-JUN-00                                                                                                        
A010 Deepa                          Chennai                                            28-DEC-01                                                                                                        

10 rows selected.

SQL> select * from ENTRANCE_TEST;

ET_I ET_NAME                         MAX_SCORE                                                                                                                                                          
---- ------------------------------ ----------                                                                                                                                                          
T001 Maths                                 100                                                                                                                                                          
T002 Physics                                90                                                                                                                                                          
T003 Chemistry                              95                                                                                                                                                          
T004 Biology                               100                                                                                                                                                          
T005 English                                80                                                                                                                                                          

SQL> select * from ETEST_DETAILS;

AID  ETID ETEST_DAT      SCORE LOCATION                                                                                                                                                                 
---- ---- --------- ---------- -------------------------                                                                                                                                                
A001 T001 24-AUG-25         80                                                                                                                                                                          
A002 T002 26-AUG-25         70                                                                                                                                                                          
A003 T003 27-AUG-25         75                                                                                                                                                                          
A004 T004 29-AUG-25         85                                                                                                                                                                          
A005 T005 30-AUG-25         65                                                                                                                                                                          
A006 T001 31-AUG-25         90                                                                                                                                                                          
A007 T002 01-SEP-25         60                                                                                                                                                                          
A008 T003 03-SEP-25         70                                                                                                                                                                          
A009 T004 04-SEP-25         95                                                                                                                                                                          
A010 T005 05-SEP-25         75                                                                                                                                                                          

10 rows selected.

SQL> -- 1. Display Entrance Test ID (ETID) Wise highest marks scored by any applicant.
SQL> select etid from ETEST_DETAILS group by etid havinf max(score);
select etid from ETEST_DETAILS group by etid havinf max(score)
                                             *
ERROR at line 1:
ORA-00933: SQL command not properly ended 


SQL> select etid from ETEST_DETAILS group by etid having max(score);
select etid from ETEST_DETAILS group by etid having max(score)
                                                             *
ERROR at line 1:
ORA-00920: invalid relational operator 


SQL> select etid from ETEST_DETAILS group by etid having score=max(score);
select etid from ETEST_DETAILS group by etid having score=max(score)
                                                    *
ERROR at line 1:
ORA-00979: not a GROUP BY expression 


SQL> select etid FROM ETEST_DETAILS WHERE score = (SELECT MAX(score) FROM ETEST_DETAILS);

ETID                                                                                                                                                                                                    
----                                                                                                                                                                                                    
T004                                                                                                                                                                                                    

SQL> select aid,max(score) from ETEST_DETAILS group by etid;
select aid,max(score) from ETEST_DETAILS group by etid
       *
ERROR at line 1:
ORA-00979: not a GROUP BY expression 


SQL> select aid,max(score) from ETEST_DETAILS group by aid;

AID  MAX(SCORE)                                                                                                                                                                                         
---- ----------                                                                                                                                                                                         
A001         80                                                                                                                                                                                         
A002         70                                                                                                                                                                                         
A003         75                                                                                                                                                                                         
A004         85                                                                                                                                                                                         
A005         65                                                                                                                                                                                         
A006         90                                                                                                                                                                                         
A007         60                                                                                                                                                                                         
A008         70                                                                                                                                                                                         
A009         95                                                                                                                                                                                         
A010         75                                                                                                                                                                                         

10 rows selected.

SQL> select max(score) from ETEST_DETAILS group by etid;

MAX(SCORE)                                                                                                                                                                                              
----------                                                                                                                                                                                              
        90                                                                                                                                                                                              
        70                                                                                                                                                                                              
        75                                                                                                                                                                                              
        95                                                                                                                                                                                              
        75                                                                                                                                                                                              

SQL> select aid,max(score) from ETEST_DETAILS e where score = (select max(score) ETEST_DETAILS where etid=e.etid);
select aid,max(score) from ETEST_DETAILS e where score = (select max(score) ETEST_DETAILS where etid=e.etid)
                                                                                          *
ERROR at line 1:
ORA-00923: FROM keyword not found where expected 


SQL> select aid,max(score) from ETEST_DETAILS e where score = (select max(score) from ETEST_DETAILS where etid=e.etid);
select aid,max(score) from ETEST_DETAILS e where score = (select max(score) from ETEST_DETAILS where etid=e.etid)
       *
ERROR at line 1:
ORA-00937: not a single-group group function 


SQL> SELECT AID, SCORE FROM ETEST_DETAILS e WHERE SCORE = ( SELECT MAX(SCORE) FROM ETEST_DETAILS WHERE ETID = e.ETID);

AID       SCORE                                                                                                                                                                                         
---- ----------                                                                                                                                                                                         
A002         70                                                                                                                                                                                         
A003         75                                                                                                                                                                                         
A006         90                                                                                                                                                                                         
A009         95                                                                                                                                                                                         
A010         75                                                                                                                                                                                         

SQL> select * from ETEST_DETAILS;

AID  ETID ETEST_DAT      SCORE LOCATION                                                                                                                                                                 
---- ---- --------- ---------- -------------------------                                                                                                                                                
A001 T001 24-AUG-25         80                                                                                                                                                                          
A002 T002 26-AUG-25         70                                                                                                                                                                          
A003 T003 27-AUG-25         75                                                                                                                                                                          
A004 T004 29-AUG-25         85                                                                                                                                                                          
A005 T005 30-AUG-25         65                                                                                                                                                                          
A006 T001 31-AUG-25         90                                                                                                                                                                          
A007 T002 01-SEP-25         60                                                                                                                                                                          
A008 T003 03-SEP-25         70                                                                                                                                                                          
A009 T004 04-SEP-25         95                                                                                                                                                                          
A010 T005 05-SEP-25         75                                                                                                                                                                          

10 rows selected.

SQL> -- 1. Display Entrance Test ID (ETID) Wise highest marks scored by any applicant.
SQL> select e.etid, d.aid, d.score from ETEST_DETAILS e join ETEST_DETAILS d on e.etid=d.etid where d.score=(select MAX(SCORE) FROM ETEST_DETAILS WHERE ETID = e.ETID);

ETID AID       SCORE                                                                                                                                                                                    
---- ---- ----------                                                                                                                                                                                    
T001 A006         90                                                                                                                                                                                    
T001 A006         90                                                                                                                                                                                    
T002 A002         70                                                                                                                                                                                    
T002 A002         70                                                                                                                                                                                    
T003 A003         75                                                                                                                                                                                    
T003 A003         75                                                                                                                                                                                    
T004 A009         95                                                                                                                                                                                    
T004 A009         95                                                                                                                                                                                    
T005 A010         75                                                                                                                                                                                    
T005 A010         75                                                                                                                                                                                    

10 rows selected.

SQL> ed
Wrote file afiedt.buf

  1* select e.etid, d.aid, d.score from ETEST_DETAILS e join ETEST_DETAILS d on e.etid=d.etid where d.score=(select MAX(SCORE) FROM ETEST_DETAILS WHERE ETID = e.ETID)
SQL> SELECT AID, SCORE FROM ETEST_DETAILS e WHERE SCORE = ( SELECT MAX(SCORE) FROM ETEST_DETAILS WHERE ETID = e.ETID);

AID       SCORE                                                                                                                                                                                         
---- ----------                                                                                                                                                                                         
A002         70                                                                                                                                                                                         
A003         75                                                                                                                                                                                         
A006         90                                                                                                                                                                                         
A009         95                                                                                                                                                                                         
A010         75                                                                                                                                                                                         

SQL> -- 2. Count ETID wise total number of applicants appeared for the test
SQL> select etid, count(aid) from ETEST_DETAILS group by etid;

ETID COUNT(AID)                                                                                                                                                                                         
---- ----------                                                                                                                                                                                         
T001          2                                                                                                                                                                                         
T002          2                                                                                                                                                                                         
T003          2                                                                                                                                                                                         
T004          2                                                                                                                                                                                         
T005          2                                                                                                                                                                                         

SQL> -- 3. Find the minimum number of applicants in the entrance test.
SQL> select min(total) from (select etid, count(aid) as total from ETEST_DETAILS group by etid;);
select min(total) from (select etid, count(aid) as total from ETEST_DETAILS group by etid;)
                                                                                         *
ERROR at line 1:
ORA-00907: missing right parenthesis 


SQL> select min(total) from (select etid, count(aid) as total from ETEST_DETAILS group by etid);

MIN(TOTAL)                                                                                                                                                                                              
----------                                                                                                                                                                                              
         2                                                                                                                                                                                              

SQL> -- 4. Count city wise number of applicants registered
SQL> select * from APPLICANT;

AID  A_NAME                         CITY                                               B_DATE                                                                                                           
---- ------------------------------ -------------------------------------------------- ---------                                                                                                        
A001 Ravi                           Baroda                                             12-MAY-00                                                                                                        
A002 Neha                           Surat                                              23-AUG-99                                                                                                        
A003 Amit                           Mumbai                                             14-FEB-01                                                                                                        
A004 Pooja                          Delhi                                              05-NOV-00                                                                                                        
A005 Karan                          Pune                                               30-SEP-98                                                                                                        
A006 Sita                           Kolkata                                            17-JUL-00                                                                                                        
A007 Mohan                          Lucknow                                            25-JAN-01                                                                                                        
A008 Anjali                         Jaipur                                             19-APR-99                                                                                                        
A009 Vikas                          Nagpur                                             10-JUN-00                                                                                                        
A010 Deepa                          Chennai                                            28-DEC-01                                                                                                        

10 rows selected.

SQL> -- all city is unique city name
SQL> update APPLICANT set city='Baroda' where aid='A006';

1 row updated.

SQL> update APPLICANT set city='Baroda' where aid='A009';

1 row updated.

SQL> update APPLICANT set city='Surat' where aid='A007';

1 row updated.

SQL> select * from APPLICANT;

AID  A_NAME                         CITY                                               B_DATE                                                                                                           
---- ------------------------------ -------------------------------------------------- ---------                                                                                                        
A001 Ravi                           Baroda                                             12-MAY-00                                                                                                        
A002 Neha                           Surat                                              23-AUG-99                                                                                                        
A003 Amit                           Mumbai                                             14-FEB-01                                                                                                        
A004 Pooja                          Delhi                                              05-NOV-00                                                                                                        
A005 Karan                          Pune                                               30-SEP-98                                                                                                        
A006 Sita                           Baroda                                             17-JUL-00                                                                                                        
A007 Mohan                          Surat                                              25-JAN-01                                                                                                        
A008 Anjali                         Jaipur                                             19-APR-99                                                                                                        
A009 Vikas                          Baroda                                             10-JUN-00                                                                                                        
A010 Deepa                          Chennai                                            28-DEC-01                                                                                                        

10 rows selected.

SQL> select count(city) from APPLICANT;

COUNT(CITY)                                                                                                                                                                                             
-----------                                                                                                                                                                                             
         10                                                                                                                                                                                             

SQL> select count(city) from APPLICANT group by city;

COUNT(CITY)                                                                                                                                                                                             
-----------                                                                                                                                                                                             
          3                                                                                                                                                                                             
          2                                                                                                                                                                                             
          1                                                                                                                                                                                             
          1                                                                                                                                                                                             
          1                                                                                                                                                                                             
          1                                                                                                                                                                                             
          1                                                                                                                                                                                             

7 rows selected.

SQL> -- 4. Count city wise number of applicants registered
SQL> select aid,count(city) from APPLICANT group by city;
select aid,count(city) from APPLICANT group by city
       *
ERROR at line 1:
ORA-00979: not a GROUP BY expression 


SQL> select count(city) from APPLICANT group by city;

COUNT(CITY)                                                                                                                                                                                             
-----------                                                                                                                                                                                             
          3                                                                                                                                                                                             
          2                                                                                                                                                                                             
          1                                                                                                                                                                                             
          1                                                                                                                                                                                             
          1                                                                                                                                                                                             
          1                                                                                                                                                                                             
          1                                                                                                                                                                                             

7 rows selected.

SQL> select city,count(city) from APPLICANT group by city;

CITY                                               COUNT(CITY)                                                                                                                                          
-------------------------------------------------- -----------                                                                                                                                          
Baroda                                                       3                                                                                                                                          
Surat                                                        2                                                                                                                                          
Mumbai                                                       1                                                                                                                                          
Delhi                                                        1                                                                                                                                          
Pune                                                         1                                                                                                                                          
Jaipur                                                       1                                                                                                                                          
Chennai                                                      1                                                                                                                                          

7 rows selected.

SQL> -- 5. Display all the entrance test details for which the applicant "Ohm Patel" appeared
SQL> select et.* from ETEST_DETAILS et;

AID  ETID ETEST_DAT      SCORE LOCATION                                                                                                                                                                 
---- ---- --------- ---------- -------------------------                                                                                                                                                
A001 T001 24-AUG-25         80                                                                                                                                                                          
A002 T002 26-AUG-25         70                                                                                                                                                                          
A003 T003 27-AUG-25         75                                                                                                                                                                          
A004 T004 29-AUG-25         85                                                                                                                                                                          
A005 T005 30-AUG-25         65                                                                                                                                                                          
A006 T001 31-AUG-25         90                                                                                                                                                                          
A007 T002 01-SEP-25         60                                                                                                                                                                          
A008 T003 03-SEP-25         70                                                                                                                                                                          
A009 T004 04-SEP-25         95                                                                                                                                                                          
A010 T005 05-SEP-25         75                                                                                                                                                                          

10 rows selected.

SQL> insert into APPLICANT values('A011', 'Ohm Patel', 'Khambhaliya', '24-SEP-25');

1 row created.

SQL> select * from APPLICANT;

AID  A_NAME                         CITY                                               B_DATE                                                                                                           
---- ------------------------------ -------------------------------------------------- ---------                                                                                                        
A001 Ravi                           Baroda                                             12-MAY-00                                                                                                        
A002 Neha                           Surat                                              23-AUG-99                                                                                                        
A003 Amit                           Mumbai                                             14-FEB-01                                                                                                        
A004 Pooja                          Delhi                                              05-NOV-00                                                                                                        
A005 Karan                          Pune                                               30-SEP-98                                                                                                        
A006 Sita                           Baroda                                             17-JUL-00                                                                                                        
A007 Mohan                          Surat                                              25-JAN-01                                                                                                        
A008 Anjali                         Jaipur                                             19-APR-99                                                                                                        
A009 Vikas                          Baroda                                             10-JUN-00                                                                                                        
A010 Deepa                          Chennai                                            28-DEC-01                                                                                                        
A011 Ohm Patel                      Khambhaliya                                        24-SEP-25                                                                                                        

11 rows selected.

SQL> select et.* from ETEST_DETAILS et join APPLICANT a on et.aid=a.aid where a_name='Ohm Patel';

no rows selected

SQL> select et.* from ETEST_DETAILS et join APPLICANT a on et.aid=a.aid where a.a_name='Ohm Patel';

no rows selected

SQL> insert into ETEST_DETAILS values('A011', 'T004', '24-SEP-25', 99);
insert into ETEST_DETAILS values('A011', 'T004', '24-SEP-25', 99)
            *
ERROR at line 1:
ORA-00947: not enough values 


SQL> insert into ETEST_DETAILS values('A011', 'T004', '24-SEP-25', 99, 'GUJARAT');
insert into ETEST_DETAILS values('A011', 'T004', '24-SEP-25', 99, 'GUJARAT')
*
ERROR at line 1:
ORA-02291: integrity constraint (MCA.SYS_C008268) violated - parent key not found 


SQL> 
SQL> desc ETEST_DETAILS;
 Name                                                                                                              Null?    Type
 ----------------------------------------------------------------------------------------------------------------- -------- ----------------------------------------------------------------------------
 AID                                                                                                               NOT NULL VARCHAR2(4)
 ETID                                                                                                              NOT NULL VARCHAR2(4)
 ETEST_DATE                                                                                                                 DATE
 SCORE                                                                                                                      NUMBER(3)
 LOCATION                                                                                                                   VARCHAR2(25)

SQL> insert into ETEST_DETAILS values('A011', 'T004', 'SYSDATE-24', 99, 'GUJARAT');
insert into ETEST_DETAILS values('A011', 'T004', 'SYSDATE-24', 99, 'GUJARAT')
                                                 *
ERROR at line 1:
ORA-01858: a non-numeric character was found where a numeric was expected 


SQL> insert into ETEST_DETAILS values('A011', 'T004', SYSDATE-24, 99, 'GUJARAT');
insert into ETEST_DETAILS values('A011', 'T004', SYSDATE-24, 99, 'GUJARAT')
*
ERROR at line 1:
ORA-02291: integrity constraint (MCA.SYS_C008268) violated - parent key not found 


SQL> commit;

Commit complete.

SQL> insert into ETEST_DETAILS values('A011', 'T004', SYSDATE-24, 99, 'GUJARAT');
insert into ETEST_DETAILS values('A011', 'T004', SYSDATE-24, 99, 'GUJARAT')
*
ERROR at line 1:
ORA-02291: integrity constraint (MCA.SYS_C008268) violated - parent key not found 


SQL> insert into ETEST_DETAILS values('A010', 'T004', SYSDATE-24, 99, 'GUJARAT');

1 row created.

SQL> commit;

Commit complete.

SQL> INSERT INTO APPLICANT (AID, A_NAME, CITY, B_DATE) VALUES ('A011', 'Rohit', 'Ahmedabad', TO_DATE('15-JAN-02', 'DD-MON-RR'));

1 row created.

SQL> select * from ETEST_DETAILS;

AID  ETID ETEST_DAT      SCORE LOCATION                                                                                                                                                                 
---- ---- --------- ---------- -------------------------                                                                                                                                                
A010 T004 31-AUG-25         99 GUJARAT                                                                                                                                                                  
A001 T001 24-AUG-25         80                                                                                                                                                                          
A002 T002 26-AUG-25         70                                                                                                                                                                          
A003 T003 27-AUG-25         75                                                                                                                                                                          
A004 T004 29-AUG-25         85                                                                                                                                                                          
A005 T005 30-AUG-25         65                                                                                                                                                                          
A006 T001 31-AUG-25         90                                                                                                                                                                          
A007 T002 01-SEP-25         60                                                                                                                                                                          
A008 T003 03-SEP-25         70                                                                                                                                                                          
A009 T004 04-SEP-25         95                                                                                                                                                                          
A010 T005 05-SEP-25         75                                                                                                                                                                          

11 rows selected.

SQL> INSERT INTO ETEST_DETAILS VALUES ('A011', 'T004', SYSDATE-24, 99, 'GUJARAT');
INSERT INTO ETEST_DETAILS VALUES ('A011', 'T004', SYSDATE-24, 99, 'GUJARAT')
*
ERROR at line 1:
ORA-02291: integrity constraint (MCA.SYS_C008268) violated - parent key not found 


SQL> select * from APPLICANT;

AID  A_NAME                         CITY                                               B_DATE                                                                                                           
---- ------------------------------ -------------------------------------------------- ---------                                                                                                        
A001 Ravi                           Baroda                                             12-MAY-00                                                                                                        
A002 Neha                           Surat                                              23-AUG-99                                                                                                        
A003 Amit                           Mumbai                                             14-FEB-01                                                                                                        
A004 Pooja                          Delhi                                              05-NOV-00                                                                                                        
A005 Karan                          Pune                                               30-SEP-98                                                                                                        
A006 Sita                           Baroda                                             17-JUL-00                                                                                                        
A007 Mohan                          Surat                                              25-JAN-01                                                                                                        
A008 Anjali                         Jaipur                                             19-APR-99                                                                                                        
A009 Vikas                          Baroda                                             10-JUN-00                                                                                                        
A010 Deepa                          Chennai                                            28-DEC-01                                                                                                        
A011 Ohm Patel                      Khambhaliya                                        24-SEP-25                                                                                                        
A011 Rohit                          Ahmedabad                                          15-JAN-02                                                                                                        

12 rows selected.

SQL> INSERT INTO ETEST_DETAILS VALUES ('A011', 'T004', SYSDATE-24, 99, 'GUJARAT');
INSERT INTO ETEST_DETAILS VALUES ('A011', 'T004', SYSDATE-24, 99, 'GUJARAT')
*
ERROR at line 1:
ORA-02291: integrity constraint (MCA.SYS_C008268) violated - parent key not found 


SQL> delete from APPLICANT where a_name='Rohit';

1 row deleted.

SQL> commit;

Commit complete.

SQL> select * from APPLICANT;

AID  A_NAME                         CITY                                               B_DATE                                                                                                           
---- ------------------------------ -------------------------------------------------- ---------                                                                                                        
A001 Ravi                           Baroda                                             12-MAY-00                                                                                                        
A002 Neha                           Surat                                              23-AUG-99                                                                                                        
A003 Amit                           Mumbai                                             14-FEB-01                                                                                                        
A004 Pooja                          Delhi                                              05-NOV-00                                                                                                        
A005 Karan                          Pune                                               30-SEP-98                                                                                                        
A006 Sita                           Baroda                                             17-JUL-00                                                                                                        
A007 Mohan                          Surat                                              25-JAN-01                                                                                                        
A008 Anjali                         Jaipur                                             19-APR-99                                                                                                        
A009 Vikas                          Baroda                                             10-JUN-00                                                                                                        
A010 Deepa                          Chennai                                            28-DEC-01                                                                                                        
A011 Ohm Patel                      Khambhaliya                                        24-SEP-25                                                                                                        

11 rows selected.

SQL> INSERT INTO ETEST_DETAILS VALUES ('A011', 'T004', SYSDATE-24, 99, 'GUJARAT');
INSERT INTO ETEST_DETAILS VALUES ('A011', 'T004', SYSDATE-24, 99, 'GUJARAT')
*
ERROR at line 1:
ORA-02291: integrity constraint (MCA.SYS_C008268) violated - parent key not found 


SQL> SELECT * FROM APPLICANT WHERE AID = 'A011';

AID  A_NAME                         CITY                                               B_DATE                                                                                                           
---- ------------------------------ -------------------------------------------------- ---------                                                                                                        
A011 Ohm Patel                      Khambhaliya                                        24-SEP-25                                                                                                        

SQL> desc ETEST_DETAILS;
 Name                                                                                                              Null?    Type
 ----------------------------------------------------------------------------------------------------------------- -------- ----------------------------------------------------------------------------
 AID                                                                                                               NOT NULL VARCHAR2(4)
 ETID                                                                                                              NOT NULL VARCHAR2(4)
 ETEST_DATE                                                                                                                 DATE
 SCORE                                                                                                                      NUMBER(3)
 LOCATION                                                                                                                   VARCHAR2(25)

SQL> insert into ETEST_DETAILS(aid,etid,etest_date,score,location) values('A011', 'T004', SYSDATE-24, 99, 'Gujarat');
insert into ETEST_DETAILS(aid,etid,etest_date,score,location) values('A011', 'T004', SYSDATE-24, 99, 'Gujarat')
*
ERROR at line 1:
ORA-02291: integrity constraint (MCA.SYS_C008268) violated - parent key not found 


SQL> select * from user_constraints where table_name='ETEST_DETAILS';

OWNER                                                                                                                                                                                                   
--------------------------------------------------------------------------------------------------------------------------------                                                                        
CONSTRAINT_NAME                                                                                                                  C                                                                      
-------------------------------------------------------------------------------------------------------------------------------- -                                                                      
TABLE_NAME                                                                                                                                                                                              
--------------------------------------------------------------------------------------------------------------------------------                                                                        
SEARCH_CONDITION                                                                                                                                                                                        
--------------------------------------------------------------------------------                                                                                                                        
SEARCH_CONDITION_VC                                                                                                                                                                                     
--------------------------------------------------------------------------------------------------------------------------------------------------------------------------------------------------------
R_OWNER                                                                                                                                                                                                 
--------------------------------------------------------------------------------------------------------------------------------                                                                        
R_CONSTRAINT_NAME                                                                                                                DELETE_RU STATUS   DEFERRABLE     DEFERRED  VALIDATED                  
-------------------------------------------------------------------------------------------------------------------------------- --------- -------- -------------- --------- -------------              
GENERATED      BAD RELY LAST_CHAN INDEX_OWNER                                                                                                                                                           
-------------- --- ---- --------- --------------------------------------------------------------------------------------------------------------------------------                                      
INDEX_NAME                                                                                                                       INVALID VIEW_RELATED   ORIGIN_CON_ID                                   
-------------------------------------------------------------------------------------------------------------------------------- ------- -------------- -------------                                   
MCA                                                                                                                                                                                                     
SYS_C008266                                                                                                                      C                                                                      
ETEST_DETAILS                                                                                                                                                                                           
Score >= 0                                                                                                                                                                                              
Score >= 0                                                                                                                                                                                              
                                                                                                                                                                                                        
                                                                                                                                           ENABLED  NOT DEFERRABLE IMMEDIATE VALIDATED                  
GENERATED NAME          13-SEP-25                                                                                                                                                                       
                                                                                                                                                                    3                                   
                                                                                                                                                                                                        
MCA                                                                                                                                                                                                     
SYS_C008267                                                                                                                      P                                                                      
ETEST_DETAILS                                                                                                                                                                                           
                                                                                                                                                                                                        
                                                                                                                                                                                                        
                                                                                                                                                                                                        
                                                                                                                                           ENABLED  NOT DEFERRABLE IMMEDIATE VALIDATED                  
GENERATED NAME          13-SEP-25 MCA                                                                                                                                                                   
SYS_C008267                                                                                                                                                         3                                   
                                                                                                                                                                                                        
MCA                                                                                                                                                                                                     
SYS_C008268                                                                                                                      R                                                                      
ETEST_DETAILS                                                                                                                                                                                           
                                                                                                                                                                                                        
                                                                                                                                                                                                        
MCA                                                                                                                                                                                                     
SYS_C008261                                                                                                                      NO ACTION ENABLED  NOT DEFERRABLE IMMEDIATE VALIDATED                  
GENERATED NAME          13-SEP-25                                                                                                                                                                       
                                                                                                                                                                    3                                   
                                                                                                                                                                                                        
MCA                                                                                                                                                                                                     
SYS_C008269                                                                                                                      R                                                                      
ETEST_DETAILS                                                                                                                                                                                           
                                                                                                                                                                                                        
                                                                                                                                                                                                        
MCA                                                                                                                                                                                                     
SYS_C008265                                                                                                                      NO ACTION ENABLED  NOT DEFERRABLE IMMEDIATE VALIDATED                  
GENERATED NAME          13-SEP-25                                                                                                                                                                       
                                                                                                                                                                    3                                   
                                                                                                                                                                                                        

SQL> COL CONSTRAINT_NAME FORMAT A25
SQL> COL CONSTRAINT_TYPE FORMAT A5
SQL> COL STATUS FORMAT A10
SQL> COL DEFERRED FORMAT A10
SQL> COL R_CONSTRAINT_NAME FORMAT A25
SQL> SELECT CONSTRAINT_NAME, CONSTRAINT_TYPE,CONSTRAINT_TYPE, R_CONSTRAINT_NAME, STATUS, VALIDATED FROM user_constraints WHERE table_name = 'ETEST_DETAILS';

CONSTRAINT_NAME           CONST CONST R_CONSTRAINT_NAME         STATUS     VALIDATED                                                                                                                    
------------------------- ----- ----- ------------------------- ---------- -------------                                                                                                                
SYS_C008268               R     R     SYS_C008261               ENABLED    VALIDATED                                                                                                                    
SYS_C008269               R     R     SYS_C008265               ENABLED    VALIDATED                                                                                                                    
SYS_C008266               C     C                               ENABLED    VALIDATED                                                                                                                    
SYS_C008267               P     P                               ENABLED    VALIDATED                                                                                                                    

SQL> insert into ETEST_DETAILS(aid,etid,etest_date,score,location) values('A011', 'T004', SYSDATE-24, 99, 'Gujarat');
insert into ETEST_DETAILS(aid,etid,etest_date,score,location) values('A011', 'T004', SYSDATE-24, 99, 'Gujarat')
*
ERROR at line 1:
ORA-02291: integrity constraint (MCA.SYS_C008268) violated - parent key not found 


SQL> SELECT CONSTRAINT_NAME, CONSTRAINT_TYPE,CONSTRAINT_TYPE, R_CONSTRAINT_NAME, STATUS, VALIDATED FROM user_constraints WHERE table_name = 'APPLICANT';

CONSTRAINT_NAME           CONST CONST R_CONSTRAINT_NAME         STATUS     VALIDATED                                                                                                                    
------------------------- ----- ----- ------------------------- ---------- -------------                                                                                                                
SYS_C008308               C     C                               ENABLED    VALIDATED                                                                                                                    

SQL> SELECT CONSTRAINT_NAME, CONSTRAINT_TYPE,CONSTRAINT_TYPE, R_CONSTRAINT_NAME, STATUS, VALIDATED FROM user_constraints WHERE table_name = 'ENTRANCE_TEST';

CONSTRAINT_NAME           CONST CONST R_CONSTRAINT_NAME         STATUS     VALIDATED                                                                                                                    
------------------------- ----- ----- ------------------------- ---------- -------------                                                                                                                
SYS_C008262               C     C                               ENABLED    VALIDATED                                                                                                                    
SYS_C008263               C     C                               ENABLED    VALIDATED                                                                                                                    
SYS_C008264               C     C                               ENABLED    VALIDATED                                                                                                                    
SYS_C008265               P     P                               ENABLED    VALIDATED                                                                                                                    

SQL> alter table ETEST_DETAILS drop constraint SYS_C008268;

Table altered.

SQL> insert into ETEST_DETAILS(aid,etid,etest_date,score,location) values('A011', 'T004', SYSDATE-24, 99, 'Gujarat');

1 row created.

SQL> select * from applicant;

AID  A_NAME                         CITY                                               B_DATE                                                                                                           
---- ------------------------------ -------------------------------------------------- ---------                                                                                                        
A001 Ravi                           Baroda                                             12-MAY-00                                                                                                        
A002 Neha                           Surat                                              23-AUG-99                                                                                                        
A003 Amit                           Mumbai                                             14-FEB-01                                                                                                        
A004 Pooja                          Delhi                                              05-NOV-00                                                                                                        
A005 Karan                          Pune                                               30-SEP-98                                                                                                        
A006 Sita                           Baroda                                             17-JUL-00                                                                                                        
A007 Mohan                          Surat                                              25-JAN-01                                                                                                        
A008 Anjali                         Jaipur                                             19-APR-99                                                                                                        
A009 Vikas                          Baroda                                             10-JUN-00                                                                                                        
A010 Deepa                          Chennai                                            28-DEC-01                                                                                                        
A011 Ohm Patel                      Khambhaliya                                        24-SEP-25                                                                                                        

11 rows selected.

SQL> select * from etest_details;

AID  ETID ETEST_DAT      SCORE LOCATION                                                                                                                                                                 
---- ---- --------- ---------- -------------------------                                                                                                                                                
A010 T004 31-AUG-25         99 GUJARAT                                                                                                                                                                  
A011 T004 31-AUG-25         99 Gujarat                                                                                                                                                                  
A001 T001 24-AUG-25         80                                                                                                                                                                          
A002 T002 26-AUG-25         70                                                                                                                                                                          
A003 T003 27-AUG-25         75                                                                                                                                                                          
A004 T004 29-AUG-25         85                                                                                                                                                                          
A005 T005 30-AUG-25         65                                                                                                                                                                          
A006 T001 31-AUG-25         90                                                                                                                                                                          
A007 T002 01-SEP-25         60                                                                                                                                                                          
A008 T003 03-SEP-25         70                                                                                                                                                                          
A009 T004 04-SEP-25         95                                                                                                                                                                          
A010 T005 05-SEP-25         75                                                                                                                                                                          

12 rows selected.

SQL> delete from etest_details where aid='A010' AND etid='T004';

1 row deleted.

SQL> select * from etest_details;

AID  ETID ETEST_DAT      SCORE LOCATION                                                                                                                                                                 
---- ---- --------- ---------- -------------------------                                                                                                                                                
A011 T004 31-AUG-25         99 Gujarat                                                                                                                                                                  
A001 T001 24-AUG-25         80                                                                                                                                                                          
A002 T002 26-AUG-25         70                                                                                                                                                                          
A003 T003 27-AUG-25         75                                                                                                                                                                          
A004 T004 29-AUG-25         85                                                                                                                                                                          
A005 T005 30-AUG-25         65                                                                                                                                                                          
A006 T001 31-AUG-25         90                                                                                                                                                                          
A007 T002 01-SEP-25         60                                                                                                                                                                          
A008 T003 03-SEP-25         70                                                                                                                                                                          
A009 T004 04-SEP-25         95                                                                                                                                                                          
A010 T005 05-SEP-25         75                                                                                                                                                                          

11 rows selected.

SQL> -- 5. Display all the entrance test details for which the applicant "Ohm Patel" appeared
SQL> select et.* from etest_details et join applicant a on a.aid=et.aid where A_NAME='Ohm Patel';

AID  ETID ETEST_DAT      SCORE LOCATION                                                                                                                                                                 
---- ---- --------- ---------- -------------------------                                                                                                                                                
A011 T004 31-AUG-25         99 Gujarat                                                                                                                                                                  

SQL> select et.* from etest_details et join applicant a on a.aid=et.aid where A_NAME='Ohm Patel';

AID  ETID ETEST_DAT      SCORE LOCATION                                                                                                                                                                 
---- ---- --------- ---------- -------------------------                                                                                                                                                
A011 T004 31-AUG-25         99 Gujarat                                                                                                                                                                  

SQL> 
SQL> -- Q3 tables => Distributor, Item, Dist_Item
SQL> select tname from tab;

TNAME                                                                                                                                                                                                   
--------------------------------------------------------------------------------------------------------------------------------                                                                        
DEPT                                                                                                                                                                                                    
EMP                                                                                                                                                                                                     
CLIENT_MASTER                                                                                                                                                                                           
PRODUCT_MASTER                                                                                                                                                                                          
SALES_ORDER                                                                                                                                                                                             
SALES_ORDER_DETAILS                                                                                                                                                                                     
TREM_MASTER                                                                                                                                                                                             
ENTRANCE_TEST                                                                                                                                                                                           
ETEST_DETAILS                                                                                                                                                                                           
DISTRIBUTOR                                                                                                                                                                                             
DIST_ITEM                                                                                                                                                                                               
SMAN_MST                                                                                                                                                                                                
SALESMAN_MASTER                                                                                                                                                                                         
APPLICANT_MASTER                                                                                                                                                                                        
ITEM                                                                                                                                                                                                    
WORKER                                                                                                                                                                                                  
JOB                                                                                                                                                                                                     
ASSIGNED                                                                                                                                                                                                
STUDENT                                                                                                                                                                                                 
COURSE                                                                                                                                                                                                  
ENROLL                                                                                                                                                                                                  
EMPLOYEE                                                                                                                                                                                                
COMPANY                                                                                                                                                                                                 
CUSTOMER                                                                                                                                                                                                
APPLICANT                                                                                                                                                                                               

25 rows selected.

SQL> select * from DISTRIBUTOR;

DNO  DNAME                          CITY                           PHONE                                                                                                                                
---- ------------------------------ ------------------------------ ------------                                                                                                                         
D001 ABC Distributors               Baroda                         9876543210                                                                                                                           
D002 Shree Suppliers                Surat                          9123456780                                                                                                                           
D003 Om Traders                     Mumbai                         9988776655                                                                                                                           
D004 Global Supply                  Delhi                          9012345678                                                                                                                           
D005 FastMart                       Pune                           9090909090                                                                                                                           
D006 Fast                           Pune                           9090912345                                                                                                                           
D007 ABCD                           Baroda                         1234567890                                                                                                                           

7 rows selected.

SQL> select * from ITEM;

ITEM_ ITEM_NAME                           PRICE     WEIGHT                                                                                                                                              
----- ------------------------------ ---------- ----------                                                                                                                                              
I001  Rice                                   50          5                                                                                                                                              
I002  Wheat                                  40          4                                                                                                                                              
I003  Sugar                                  35          3                                                                                                                                              
I004  Oil                                   120          2                                                                                                                                              
I005  Salt                                   20          1                                                                                                                                              
I006  Book                                   30          1                                                                                                                                              
I006  Onion                                  50          2                                                                                                                                              

7 rows selected.

SQL> select * from DIST_ITEM;

DNO  ITEM_        QTY ORDER_DAT                                                                                                                                                                         
---- ----- ---------- ---------                                                                                                                                                                         
D001 I001         100 10-SEP-25                                                                                                                                                                         
D001 I002          80 04-SEP-25                                                                                                                                                                         
D002 I003          50 05-SEP-25                                                                                                                                                                         
D002 I004          60 06-SEP-25                                                                                                                                                                         
D003 I005         200 07-SEP-25                                                                                                                                                                         
D003 I001         120 10-SEP-25                                                                                                                                                                         
D004 I002         150 09-SEP-25                                                                                                                                                                         
D004 I003          70 10-SEP-25                                                                                                                                                                         
D005 I004          90 11-SEP-25                                                                                                                                                                         
D005 I005         250 12-SEP-25                                                                                                                                                                         
D006 I001         150 09-SEP-25                                                                                                                                                                         
D006 I002          50 09-SEP-25                                                                                                                                                                         
D006 I003         100 09-SEP-25                                                                                                                                                                         
D007 I003         120 18-SEP-25                                                                                                                                                                         
D007 I002         120 17-SEP-25                                                                                                                                                                         

15 rows selected.

SQL> -- 1. Display all the distributor's name who supplies Item_No 5
SQL> select dno from DIST_ITEM where item_id='I005';
select dno from DIST_ITEM where item_id='I005'
                                *
ERROR at line 1:
ORA-00904: "ITEM_ID": invalid identifier 


SQL> select dno from DIST_ITEM where item_no='I005';

DNO                                                                                                                                                                                                     
----                                                                                                                                                                                                    
D003                                                                                                                                                                                                    
D005                                                                                                                                                                                                    

SQL> 
SQL> select d.dname from DISTRIBUTOR d join DIST_ITEM dt on d.dno=dt.dno where dt.item_no='I005';

DNAME                                                                                                                                                                                                   
------------------------------                                                                                                                                                                          
Om Traders                                                                                                                                                                                              
FastMart                                                                                                                                                                                                

SQL> -- 2. Display the item which is distributed maximum time
SQL> select dictinct item_no, count(item_no) from DIST_ITEM;
select dictinct item_no, count(item_no) from DIST_ITEM
       *
ERROR at line 1:
ORA-00904: "DICTINCT": invalid identifier 


SQL> select distinct item_no, count(item_no) from DIST_ITEM;
select distinct item_no, count(item_no) from DIST_ITEM
                *
ERROR at line 1:
ORA-00937: not a single-group group function 


SQL> select distinct item_no, count(item_no) from DIST_ITEM group by item_no;

ITEM_ COUNT(ITEM_NO)                                                                                                                                                                                    
----- --------------                                                                                                                                                                                    
I001               3                                                                                                                                                                                    
I002               4                                                                                                                                                                                    
I003               4                                                                                                                                                                                    
I004               2                                                                                                                                                                                    
I005               2                                                                                                                                                                                    

SQL> select distinct item_no, max(item_no) from DIST_ITEM group by item_no;

ITEM_ MAX(I                                                                                                                                                                                             
----- -----                                                                                                                                                                                             
I001  I001                                                                                                                                                                                              
I002  I002                                                                                                                                                                                              
I003  I003                                                                                                                                                                                              
I004  I004                                                                                                                                                                                              
I005  I005                                                                                                                                                                                              

SQL> select max(count(item_no)) from DIST_ITEM group by item_no;

MAX(COUNT(ITEM_NO))                                                                                                                                                                                     
-------------------                                                                                                                                                                                     
                  4                                                                                                                                                                                     

SQL> select item_no from DIST_ITEM group by item_no;

ITEM_                                                                                                                                                                                                   
-----                                                                                                                                                                                                   
I001                                                                                                                                                                                                    
I002                                                                                                                                                                                                    
I003                                                                                                                                                                                                    
I004                                                                                                                                                                                                    
I005                                                                                                                                                                                                    

SQL> select item_no from (select item_no, count(item_no) as total from DIST_ITEM group by item_no) where total=(select max(count(item_no)) as total from DIST_ITEM group by item_no;);
select item_no from (select item_no, count(item_no) as total from DIST_ITEM group by item_no) where total=(select max(count(item_no)) as total from DIST_ITEM group by item_no;)
                                                                                                                                                                              *
ERROR at line 1:
ORA-00907: missing right parenthesis 


SQL> select item_no from (select item_no, count(item_no) as total from DIST_ITEM group by item_no) where total=(select max(count(item_no)) as total from DIST_ITEM group by item_no);

ITEM_                                                                                                                                                                                                   
-----                                                                                                                                                                                                   
I002                                                                                                                                                                                                    
I003                                                                                                                                                                                                    

SQL> -- 2. Display the item which is distributed maximum time
SQL> select * form item;
select * form item
         *
ERROR at line 1:
ORA-00923: FROM keyword not found where expected 


SQL> select * from item;

ITEM_ ITEM_NAME                           PRICE     WEIGHT                                                                                                                                              
----- ------------------------------ ---------- ----------                                                                                                                                              
I001  Rice                                   50          5                                                                                                                                              
I002  Wheat                                  40          4                                                                                                                                              
I003  Sugar                                  35          3                                                                                                                                              
I004  Oil                                   120          2                                                                                                                                              
I005  Salt                                   20          1                                                                                                                                              
I006  Book                                   30          1                                                                                                                                              
I006  Onion                                  50          2                                                                                                                                              

7 rows selected.

SQL> select * from DIST_ITEM;

DNO  ITEM_        QTY ORDER_DAT                                                                                                                                                                         
---- ----- ---------- ---------                                                                                                                                                                         
D001 I001         100 10-SEP-25                                                                                                                                                                         
D001 I002          80 04-SEP-25                                                                                                                                                                         
D002 I003          50 05-SEP-25                                                                                                                                                                         
D002 I004          60 06-SEP-25                                                                                                                                                                         
D003 I005         200 07-SEP-25                                                                                                                                                                         
D003 I001         120 10-SEP-25                                                                                                                                                                         
D004 I002         150 09-SEP-25                                                                                                                                                                         
D004 I003          70 10-SEP-25                                                                                                                                                                         
D005 I004          90 11-SEP-25                                                                                                                                                                         
D005 I005         250 12-SEP-25                                                                                                                                                                         
D006 I001         150 09-SEP-25                                                                                                                                                                         
D006 I002          50 09-SEP-25                                                                                                                                                                         
D006 I003         100 09-SEP-25                                                                                                                                                                         
D007 I003         120 18-SEP-25                                                                                                                                                                         
D007 I002         120 17-SEP-25                                                                                                                                                                         

15 rows selected.

SQL> -- 2. Display the item which is distributed maximum time
SQL> select i.ITEM_NAME from item i join DIST_ITEM d on d.item_no=i.item_no where i.item_no in(select item_no from (select item_no, count(item_no) as total from DIST_ITEM group by item_no) where total=(select max(count(item_no)) as total from DIST_ITEM group by item_no));

ITEM_NAME                                                                                                                                                                                               
------------------------------                                                                                                                                                                          
Wheat                                                                                                                                                                                                   
Sugar                                                                                                                                                                                                   
Wheat                                                                                                                                                                                                   
Sugar                                                                                                                                                                                                   
Wheat                                                                                                                                                                                                   
Sugar                                                                                                                                                                                                   
Wheat                                                                                                                                                                                                   
Sugar                                                                                                                                                                                                   

8 rows selected.

SQL> select item_no from (select item_no, count(item_no) as total from DIST_ITEM group by item_no) where total=(select max(count(item_no)) as total from DIST_ITEM group by item_no);

ITEM_                                                                                                                                                                                                   
-----                                                                                                                                                                                                   
I002                                                                                                                                                                                                    
I003                                                                                                                                                                                                    

SQL> select i.ITEM_NAME from item i join DIST_ITEM d on d.item_no=i.item_no;

ITEM_NAME                                                                                                                                                                                               
------------------------------                                                                                                                                                                          
Rice                                                                                                                                                                                                    
Wheat                                                                                                                                                                                                   
Sugar                                                                                                                                                                                                   
Oil                                                                                                                                                                                                     
Rice                                                                                                                                                                                                    
Salt                                                                                                                                                                                                    
Wheat                                                                                                                                                                                                   
Sugar                                                                                                                                                                                                   
Oil                                                                                                                                                                                                     
Salt                                                                                                                                                                                                    
Rice                                                                                                                                                                                                    
Wheat                                                                                                                                                                                                   
Sugar                                                                                                                                                                                                   
Wheat                                                                                                                                                                                                   
Sugar                                                                                                                                                                                                   

15 rows selected.

SQL> select i.ITEM_NAME from item i join DIST_ITEM d on d.item_no=i.item_no where i.item_no in('I002', 'I003');

ITEM_NAME                                                                                                                                                                                               
------------------------------                                                                                                                                                                          
Wheat                                                                                                                                                                                                   
Sugar                                                                                                                                                                                                   
Wheat                                                                                                                                                                                                   
Sugar                                                                                                                                                                                                   
Wheat                                                                                                                                                                                                   
Sugar                                                                                                                                                                                                   
Wheat                                                                                                                                                                                                   
Sugar                                                                                                                                                                                                   

8 rows selected.

SQL> -- 2. Display the item which is distributed maximum time
SQL> select distinct item_no from (select item_no, count(item_no) as total from DIST_ITEM group by item_no) where total=(select max(count(item_no)) as total from DIST_ITEM group by item_no);

ITEM_                                                                                                                                                                                                   
-----                                                                                                                                                                                                   
I002                                                                                                                                                                                                    
I003                                                                                                                                                                                                    

SQL> select distinct i.ITEM_NAME from item i join DIST_ITEM d on d.item_no=i.item_no where i.item_no in(select item_no from (select item_no, count(item_no) as total from DIST_ITEM group by item_no) where total=(select max(count(item_no)) as total from DIST_ITEM group by item_no));

ITEM_NAME                                                                                                                                                                                               
------------------------------                                                                                                                                                                          
Wheat                                                                                                                                                                                                   
Sugar                                                                                                                                                                                                   

SQL> -- 3. Display all the items that are distributed by the distributor "Dev Shah"
SQL> select * from DISTRIBUTOR;

DNO  DNAME                          CITY                           PHONE                                                                                                                                
---- ------------------------------ ------------------------------ ------------                                                                                                                         
D001 ABC Distributors               Baroda                         9876543210                                                                                                                           
D002 Shree Suppliers                Surat                          9123456780                                                                                                                           
D003 Om Traders                     Mumbai                         9988776655                                                                                                                           
D004 Global Supply                  Delhi                          9012345678                                                                                                                           
D005 FastMart                       Pune                           9090909090                                                                                                                           
D006 Fast                           Pune                           9090912345                                                                                                                           
D007 ABCD                           Baroda                         1234567890                                                                                                                           

7 rows selected.

SQL> -- "Dev Shah" not as DISTRIBUTOR not update table
SQL> update DISTRIBUTOR set dname='Dev Shah' where dname='ABCD';

1 row updated.

SQL> select * from DISTRIBUTOR;

DNO  DNAME                          CITY                           PHONE                                                                                                                                
---- ------------------------------ ------------------------------ ------------                                                                                                                         
D001 ABC Distributors               Baroda                         9876543210                                                                                                                           
D002 Shree Suppliers                Surat                          9123456780                                                                                                                           
D003 Om Traders                     Mumbai                         9988776655                                                                                                                           
D004 Global Supply                  Delhi                          9012345678                                                                                                                           
D005 FastMart                       Pune                           9090909090                                                                                                                           
D006 Fast                           Pune                           9090912345                                                                                                                           
D007 Dev Shah                       Baroda                         1234567890                                                                                                                           

7 rows selected.

SQL> select * from DIST_ITEM;

DNO  ITEM_        QTY ORDER_DAT                                                                                                                                                                         
---- ----- ---------- ---------                                                                                                                                                                         
D001 I001         100 10-SEP-25                                                                                                                                                                         
D001 I002          80 04-SEP-25                                                                                                                                                                         
D002 I003          50 05-SEP-25                                                                                                                                                                         
D002 I004          60 06-SEP-25                                                                                                                                                                         
D003 I005         200 07-SEP-25                                                                                                                                                                         
D003 I001         120 10-SEP-25                                                                                                                                                                         
D004 I002         150 09-SEP-25                                                                                                                                                                         
D004 I003          70 10-SEP-25                                                                                                                                                                         
D005 I004          90 11-SEP-25                                                                                                                                                                         
D005 I005         250 12-SEP-25                                                                                                                                                                         
D006 I001         150 09-SEP-25                                                                                                                                                                         
D006 I002          50 09-SEP-25                                                                                                                                                                         
D006 I003         100 09-SEP-25                                                                                                                                                                         
D007 I003         120 18-SEP-25                                                                                                                                                                         
D007 I002         120 17-SEP-25                                                                                                                                                                         

15 rows selected.

SQL> -- 3. Display all the items that are distributed by the distributor "Dev Shah"
SQL> select i.item_name from item i join dist_item di on di.item_no=i.item_no join distributor d on d.dno=di.dno where d.dname='Dev Shah';

ITEM_NAME                                                                                                                                                                                               
------------------------------                                                                                                                                                                          
Wheat                                                                                                                                                                                                   
Sugar                                                                                                                                                                                                   

SQL> select i.item_no,i.item_name from item i join dist_item di on di.item_no=i.item_no join distributor d on d.dno=di.dno where d.dname='Dev Shah';

ITEM_ ITEM_NAME                                                                                                                                                                                         
----- ------------------------------                                                                                                                                                                    
I002  Wheat                                                                                                                                                                                             
I003  Sugar                                                                                                                                                                                             

SQL> select d.dname,d.dno,i.item_no,i.item_name from item i join dist_item di on di.item_no=i.item_no join distributor d on d.dno=di.dno where d.dname='Dev Shah';

DNAME                          DNO  ITEM_ ITEM_NAME                                                                                                                                                     
------------------------------ ---- ----- ------------------------------                                                                                                                                
Dev Shah                       D007 I002  Wheat                                                                                                                                                         
Dev Shah                       D007 I003  Sugar                                                                                                                                                         

SQL> -- 4. Display the Item_Name and Quantity that are received in month of July in 2021
SQL> select * from item;

ITEM_ ITEM_NAME                           PRICE     WEIGHT                                                                                                                                              
----- ------------------------------ ---------- ----------                                                                                                                                              
I001  Rice                                   50          5                                                                                                                                              
I002  Wheat                                  40          4                                                                                                                                              
I003  Sugar                                  35          3                                                                                                                                              
I004  Oil                                   120          2                                                                                                                                              
I005  Salt                                   20          1                                                                                                                                              
I006  Book                                   30          1                                                                                                                                              
I006  Onion                                  50          2                                                                                                                                              

7 rows selected.

SQL> select * from dist_item;

DNO  ITEM_        QTY ORDER_DAT                                                                                                                                                                         
---- ----- ---------- ---------                                                                                                                                                                         
D001 I001         100 10-SEP-25                                                                                                                                                                         
D001 I002          80 04-SEP-25                                                                                                                                                                         
D002 I003          50 05-SEP-25                                                                                                                                                                         
D002 I004          60 06-SEP-25                                                                                                                                                                         
D003 I005         200 07-SEP-25                                                                                                                                                                         
D003 I001         120 10-SEP-25                                                                                                                                                                         
D004 I002         150 09-SEP-25                                                                                                                                                                         
D004 I003          70 10-SEP-25                                                                                                                                                                         
D005 I004          90 11-SEP-25                                                                                                                                                                         
D005 I005         250 12-SEP-25                                                                                                                                                                         
D006 I001         150 09-SEP-25                                                                                                                                                                         
D006 I002          50 09-SEP-25                                                                                                                                                                         
D006 I003         100 09-SEP-25                                                                                                                                                                         
D007 I003         120 18-SEP-25                                                                                                                                                                         
D007 I002         120 17-SEP-25                                                                                                                                                                         

15 rows selected.

SQL> -- not any order_date in july 2021, now update table
SQL> update dist_item set order_date='24-JUL-21' where order_date='07-SEP-25';

0 rows updated.

SQL> update dist_item set order_date='24-JUL-21' where qty=200;

1 row updated.

SQL> update dist_item set order_date='24-JUL-21' where qty=250;

1 row updated.

SQL> update dist_item set order_date='24-JUL-21' where qty=100;

2 rows updated.

SQL> select * from dist_item;

DNO  ITEM_        QTY ORDER_DAT                                                                                                                                                                         
---- ----- ---------- ---------                                                                                                                                                                         
D001 I001         100 24-JUL-21                                                                                                                                                                         
D001 I002          80 04-SEP-25                                                                                                                                                                         
D002 I003          50 05-SEP-25                                                                                                                                                                         
D002 I004          60 06-SEP-25                                                                                                                                                                         
D003 I005         200 24-JUL-21                                                                                                                                                                         
D003 I001         120 10-SEP-25                                                                                                                                                                         
D004 I002         150 09-SEP-25                                                                                                                                                                         
D004 I003          70 10-SEP-25                                                                                                                                                                         
D005 I004          90 11-SEP-25                                                                                                                                                                         
D005 I005         250 24-JUL-21                                                                                                                                                                         
D006 I001         150 09-SEP-25                                                                                                                                                                         
D006 I002          50 09-SEP-25                                                                                                                                                                         
D006 I003         100 24-JUL-21                                                                                                                                                                         
D007 I003         120 18-SEP-25                                                                                                                                                                         
D007 I002         120 17-SEP-25                                                                                                                                                                         

15 rows selected.

SQL> select * from item;

ITEM_ ITEM_NAME                           PRICE     WEIGHT                                                                                                                                              
----- ------------------------------ ---------- ----------                                                                                                                                              
I001  Rice                                   50          5                                                                                                                                              
I002  Wheat                                  40          4                                                                                                                                              
I003  Sugar                                  35          3                                                                                                                                              
I004  Oil                                   120          2                                                                                                                                              
I005  Salt                                   20          1                                                                                                                                              
I006  Book                                   30          1                                                                                                                                              
I006  Onion                                  50          2                                                                                                                                              

7 rows selected.

SQL> -- 4. Display the Item_Name and Quantity that are received in month of July in 2021
SQL> select i.item_name,di.qty from item i join dist_item di on di.item_no=i.item_no where di.order_date like '%JUL-21';

ITEM_NAME                             QTY                                                                                                                                                               
------------------------------ ----------                                                                                                                                                               
Rice                                  100                                                                                                                                                               
Sugar                                 100                                                                                                                                                               
Salt                                  200                                                                                                                                                               
Salt                                  250                                                                                                                                                               

SQL> -- 5. Display all the items whose price is less than 1000 and received Qty =10
SQL> -- 4. Display the Item_Name and Quantity that are received in month of July in 2021
SQL> select i.item_name,di.qty,di.order_date from item i join dist_item di on di.item_no=i.item_no where di.order_date like '%JUL-21';

ITEM_NAME                             QTY ORDER_DAT                                                                                                                                                     
------------------------------ ---------- ---------                                                                                                                                                     
Rice                                  100 24-JUL-21                                                                                                                                                     
Sugar                                 100 24-JUL-21                                                                                                                                                     
Salt                                  200 24-JUL-21                                                                                                                                                     
Salt                                  250 24-JUL-21                                                                                                                                                     

SQL> -- 5. Display all the items whose price is less than 1000 and received Qty =10
SQL> -- not any item price 1000 or qty is 10, now update table
SQL> update item set price=1200 where item_no='I006';

2 rows updated.

SQL> update item set price=30,item_no='I007' where item_name='Book';

1 row updated.

SQL> update dist_item set qty=10 where item_no='I006';

0 rows updated.

SQL> update dist_item set qty=10 where item_no='I005';

2 rows updated.

SQL> update item set price=1200 where item_no='I004';

1 row updated.

SQL> update dist_item set qty=10 where item_no='I004';

2 rows updated.

SQL> select * from dist_item;

DNO  ITEM_        QTY ORDER_DAT                                                                                                                                                                         
---- ----- ---------- ---------                                                                                                                                                                         
D001 I001         100 24-JUL-21                                                                                                                                                                         
D001 I002          80 04-SEP-25                                                                                                                                                                         
D002 I003          50 05-SEP-25                                                                                                                                                                         
D002 I004          10 06-SEP-25                                                                                                                                                                         
D003 I005          10 24-JUL-21                                                                                                                                                                         
D003 I001         120 10-SEP-25                                                                                                                                                                         
D004 I002         150 09-SEP-25                                                                                                                                                                         
D004 I003          70 10-SEP-25                                                                                                                                                                         
D005 I004          10 11-SEP-25                                                                                                                                                                         
D005 I005          10 24-JUL-21                                                                                                                                                                         
D006 I001         150 09-SEP-25                                                                                                                                                                         
D006 I002          50 09-SEP-25                                                                                                                                                                         
D006 I003         100 24-JUL-21                                                                                                                                                                         
D007 I003         120 18-SEP-25                                                                                                                                                                         
D007 I002         120 17-SEP-25                                                                                                                                                                         

15 rows selected.

SQL> select * from item;

ITEM_ ITEM_NAME                           PRICE     WEIGHT                                                                                                                                              
----- ------------------------------ ---------- ----------                                                                                                                                              
I001  Rice                                   50          5                                                                                                                                              
I002  Wheat                                  40          4                                                                                                                                              
I003  Sugar                                  35          3                                                                                                                                              
I004  Oil                                  1200          2                                                                                                                                              
I005  Salt                                   20          1                                                                                                                                              
I007  Book                                   30          1                                                                                                                                              
I006  Onion                                1200          2                                                                                                                                              

7 rows selected.

SQL> -- 5. Display all the items whose price is less than 1000 and received Qty =10
SQL> select i.item_name from item i join dist_item di join di.item_no=i.item_no where i.price<1000 AND di.qty=10;
select i.item_name from item i join dist_item di join di.item_no=i.item_no where i.price<1000 AND di.qty=10
                                                                *
ERROR at line 1:
ORA-00905: missing keyword 


SQL> select i.item_name from item i join dist_item di on di.item_no=i.item_no where i.price<1000 AND di.qty=10;

ITEM_NAME                                                                                                                                                                                               
------------------------------                                                                                                                                                                          
Salt                                                                                                                                                                                                    
Salt                                                                                                                                                                                                    

SQL> update dist_item set qty=10 where item_no='I003' AND dno='D004';

1 row updated.

SQL> select disticnt i.item_name from item i join dist_item di on di.item_no=i.item_no where i.price<1000 AND di.qty=10;
select disticnt i.item_name from item i join dist_item di on di.item_no=i.item_no where i.price<1000 AND di.qty=10
                 *
ERROR at line 1:
ORA-00923: FROM keyword not found where expected 


SQL> select distinct i.item_name from item i join dist_item di on di.item_no=i.item_no where i.price<1000 AND di.qty=10;

ITEM_NAME                                                                                                                                                                                               
------------------------------                                                                                                                                                                          
Sugar                                                                                                                                                                                                   
Salt                                                                                                                                                                                                    

SQL> 
SQL> 
SQL> -- Q4 last, tables => Worker, Job, Assigned
SQL> select tname from tab;

TNAME                                                                                                                                                                                                   
--------------------------------------------------------------------------------------------------------------------------------                                                                        
DEPT                                                                                                                                                                                                    
EMP                                                                                                                                                                                                     
CLIENT_MASTER                                                                                                                                                                                           
PRODUCT_MASTER                                                                                                                                                                                          
SALES_ORDER                                                                                                                                                                                             
SALES_ORDER_DETAILS                                                                                                                                                                                     
TREM_MASTER                                                                                                                                                                                             
ENTRANCE_TEST                                                                                                                                                                                           
ETEST_DETAILS                                                                                                                                                                                           
DISTRIBUTOR                                                                                                                                                                                             
DIST_ITEM                                                                                                                                                                                               
SMAN_MST                                                                                                                                                                                                
SALESMAN_MASTER                                                                                                                                                                                         
APPLICANT_MASTER                                                                                                                                                                                        
ITEM                                                                                                                                                                                                    
WORKER                                                                                                                                                                                                  
JOB                                                                                                                                                                                                     
ASSIGNED                                                                                                                                                                                                
STUDENT                                                                                                                                                                                                 
COURSE                                                                                                                                                                                                  
ENROLL                                                                                                                                                                                                  
EMPLOYEE                                                                                                                                                                                                
COMPANY                                                                                                                                                                                                 
CUSTOMER                                                                                                                                                                                                
APPLICANT                                                                                                                                                                                               

25 rows selected.

SQL> select * from WORKER;

        ID NAME                                                                                                 WAGES_PER_HR                                                                            
---------- ---------------------------------------------------------------------------------------------------- ------------                                                                            
         1 Alice                                                                                                          50                                                                            
         2 Bob                                                                                                            60                                                                            
         3 Charlie                                                                                                        45                                                                            
         4 Diana                                                                                                          70                                                                            

SQL> alter table WORKER modify name varchar2(10);

Table altered.

SQL> select * from JOB;

    JOB_ID JOB_TYPE                                                                                                                                                                                     
---------- ----------------------------------------------------------------------------------------------------                                                                                         
       101 Welding                                                                                                                                                                                      
       102 Plumbing                                                                                                                                                                                     
       103 Painting                                                                                                                                                                                     

SQL> alter table JOB modify job_type varchar2(12);

Table altered.

SQL> select * from ASSIGNED;

      W_ID       J_ID START_DAT STATUS      TOTAL_HRS                                                                                                                                                   
---------- ---------- --------- ---------- ----------                                                                                                                                                   
         1        101 10-MAY-23 Completed         120                                                                                                                                                   
         2        102 15-JUN-23 Pending            80                                                                                                                                                   
         3        103 20-JUL-23 Completed         150                                                                                                                                                   
         4        101 01-AUG-23 Pending            95                                                                                                                                                   
         2        103 01-SEP-23 Completed          30                                                                                                                                                   

SQL> select * from JOB;

    JOB_ID JOB_TYPE                                                                                                                                                                                     
---------- ------------                                                                                                                                                                                 
       101 Welding                                                                                                                                                                                      
       102 Plumbing                                                                                                                                                                                     
       103 Painting                                                                                                                                                                                     

SQL> select * from WORKER;

        ID NAME       WAGES_PER_HR                                                                                                                                                                      
---------- ---------- ------------                                                                                                                                                                      
         1 Alice                50                                                                                                                                                                      
         2 Bob                  60                                                                                                                                                                      
         3 Charlie              45                                                                                                                                                                      
         4 Diana                70                                                                                                                                                                      

SQL> -- 1. Display all the workers assigned for Job "Assemble"
SQL> here not any job_type like Assemble, Packing and Cutting now update table;
SP2-0734: unknown command beginning "here not a..." - rest of line ignored.
SQL> update job set job_type='Assemble' where job_id=103;

1 row updated.

SQL> update job set job_type='Cutting' where job_id=101;

1 row updated.

SQL> update job set job_type='Packing' where job_id=102;

1 row updated.

SQL> select * from job;

    JOB_ID JOB_TYPE                                                                                                                                                                                     
---------- ------------                                                                                                                                                                                 
       101 Cutting                                                                                                                                                                                      
       102 Packing                                                                                                                                                                                      
       103 Assemble                                                                                                                                                                                     

SQL> select * from assigned;

      W_ID       J_ID START_DAT STATUS      TOTAL_HRS                                                                                                                                                   
---------- ---------- --------- ---------- ----------                                                                                                                                                   
         1        101 10-MAY-23 Completed         120                                                                                                                                                   
         2        102 15-JUN-23 Pending            80                                                                                                                                                   
         3        103 20-JUL-23 Completed         150                                                                                                                                                   
         4        101 01-AUG-23 Pending            95                                                                                                                                                   
         2        103 01-SEP-23 Completed          30                                                                                                                                                   

SQL> select * from worker;

        ID NAME       WAGES_PER_HR                                                                                                                                                                      
---------- ---------- ------------                                                                                                                                                                      
         1 Alice                50                                                                                                                                                                      
         2 Bob                  60                                                                                                                                                                      
         3 Charlie              45                                                                                                                                                                      
         4 Diana                70                                                                                                                                                                      

SQL> -- 1. Display all the workers assigned for Job "Assemble"
SQL> select w.name,j.job_type from job j join assigned a on a.j_id=j.job_id join worker w on w.id=a.w_id where j.job_type='Assemble';

NAME       JOB_TYPE                                                                                                                                                                                     
---------- ------------                                                                                                                                                                                 
Charlie    Assemble                                                                                                                                                                                     
Bob        Assemble                                                                                                                                                                                     

SQL> -- 2. Display total hours of the worker "Deep Jha" spent on Job "Packing"
SQL> -- as per tables 'Packing'->102 and 102->2 and 2->'Bob' here as per jon 'Packing' only one worder that is bob now upadte worder table 'Bob' to 'Deep Jha'
SQL> upadte worker set name='Deep Jha' where id=2;
SP2-0734: unknown command beginning "upadte wor..." - rest of line ignored.
SQL> update worker set name='Deep Jha' where id=2;

1 row updated.

SQL> select * from worder;
select * from worder
              *
ERROR at line 1:
ORA-00942: table or view does not exist 


SQL> select * from worker;

        ID NAME       WAGES_PER_HR                                                                                                                                                                      
---------- ---------- ------------                                                                                                                                                                      
         1 Alice                50                                                                                                                                                                      
         2 Deep Jha             60                                                                                                                                                                      
         3 Charlie              45                                                                                                                                                                      
         4 Diana                70                                                                                                                                                                      

SQL> -- 2. Display total hours of the worker "Deep Jha" spent on Job "Packing"
SQL> select w.name,a.total_hrs from assigned a join worder w on w.id=a.w_di join job j on j.job_id=a.j_id where w.name='Deep Jha' AND j.job_type='Packing';
select w.name,a.total_hrs from assigned a join worder w on w.id=a.w_di join job j on j.job_id=a.j_id where w.name='Deep Jha' AND j.job_type='Packing'
                                               *
ERROR at line 1:
ORA-00942: table or view does not exist 


SQL> select w.name,a.total_hrs from assigned a join worker w on w.id=a.w_di join job j on j.job_id=a.j_id where w.name='Deep Jha' AND j.job_type='Packing';
select w.name,a.total_hrs from assigned a join worker w on w.id=a.w_di join job j on j.job_id=a.j_id where w.name='Deep Jha' AND j.job_type='Packing'
                                                                *
ERROR at line 1:
ORA-00904: "A"."W_DI": invalid identifier 


SQL> select w.name,a.total_hrs from assigned a join worker w on w.id=a.w_id join job j on j.job_id=a.j_id where w.name='Deep Jha' AND j.job_type='Packing';

NAME        TOTAL_HRS                                                                                                                                                                                   
---------- ----------                                                                                                                                                                                   
Deep Jha           80                                                                                                                                                                                   

SQL> -- 3. Display all the job types that are starting from Sept-2021.
SQL> -- here in assigned table any stating date is not on 2021 now update table;
SQL> update assigned set START_DATE='01-SEP-21' where total_hrs=30;

1 row updated.

SQL> update assigned set START_DATE='12-SEP-21' where total_hrs=120;

1 row updated.

SQL> select * from job;

    JOB_ID JOB_TYPE                                                                                                                                                                                     
---------- ------------                                                                                                                                                                                 
       101 Cutting                                                                                                                                                                                      
       102 Packing                                                                                                                                                                                      
       103 Assemble                                                                                                                                                                                     

SQL> select * from assigned;

      W_ID       J_ID START_DAT STATUS      TOTAL_HRS                                                                                                                                                   
---------- ---------- --------- ---------- ----------                                                                                                                                                   
         1        101 12-SEP-21 Completed         120                                                                                                                                                   
         2        102 15-JUN-23 Pending            80                                                                                                                                                   
         3        103 20-JUL-23 Completed         150                                                                                                                                                   
         4        101 01-AUG-23 Pending            95                                                                                                                                                   
         2        103 01-SEP-21 Completed          30                                                                                                                                                   

SQL> -- 3. Display all the job types that are starting from Sept-2021.
SQL> select j.* from job j join assigned a on a.j_id=j.job_id where start_date like '%SEP-21';

    JOB_ID JOB_TYPE                                                                                                                                                                                     
---------- ------------                                                                                                                                                                                 
       101 Cutting                                                                                                                                                                                      
       103 Assemble                                                                                                                                                                                     

SQL> -- 4. What are the total hours allocated for Job "Cutting"
SQL> select j.job_type,sum(a.total_hrs) from assigned a join job j on a.j_id=j.job_id group by a.j_id;
select j.job_type,sum(a.total_hrs) from assigned a join job j on a.j_id=j.job_id group by a.j_id
       *
ERROR at line 1:
ORA-00979: not a GROUP BY expression 


SQL> select sum(a.total_hrs) from assigned a join job j on a.j_id=j.job_id group by a.j_id;

SUM(A.TOTAL_HRS)                                                                                                                                                                                        
----------------                                                                                                                                                                                        
             215                                                                                                                                                                                        
              80                                                                                                                                                                                        
             180                                                                                                                                                                                        

SQL> select sum(a.total_hrs) from assigned a join job j on a.j_id=j.job_id group by a.j_id having j.job_type='Cutting';
select sum(a.total_hrs) from assigned a join job j on a.j_id=j.job_id group by a.j_id having j.job_type='Cutting'
                                                                                             *
ERROR at line 1:
ORA-00979: not a GROUP BY expression 


SQL> select sum(a.total_hrs) from assigned a join job j on a.j_id=j.job_id group by a.j_id where j.job_type='Cutting';
select sum(a.total_hrs) from assigned a join job j on a.j_id=j.job_id group by a.j_id where j.job_type='Cutting'
                                                                                      *
ERROR at line 1:
ORA-00933: SQL command not properly ended 


SQL> select sum(a.total_hrs) from assigned a join job j on a.j_id=j.job_id group by a.j_id where j.JOB_TYPE='Cutting';
select sum(a.total_hrs) from assigned a join job j on a.j_id=j.job_id group by a.j_id where j.JOB_TYPE='Cutting'
                                                                                      *
ERROR at line 1:
ORA-00933: SQL command not properly ended 


SQL> select sum(a.total_hrs) from job j join assigned a on a.j_id=j.job_id group by a.j_id where j.JOB_TYPE='Cutting';
select sum(a.total_hrs) from job j join assigned a on a.j_id=j.job_id group by a.j_id where j.JOB_TYPE='Cutting'
                                                                                      *
ERROR at line 1:
ORA-00933: SQL command not properly ended 


SQL> select sum(a.total_hrs) from job j join assigned a on a.j_id=j.job_id where j.JOB_TYPE='Cutting' group by a.j_id;

SUM(A.TOTAL_HRS)                                                                                                                                                                                        
----------------                                                                                                                                                                                        
             215                                                                                                                                                                                        

SQL> select j.job_type,sum(a.total_hrs) from job j join assigned a on a.j_id=j.job_id where j.JOB_TYPE='Cutting' group by a.j_id;
select j.job_type,sum(a.total_hrs) from job j join assigned a on a.j_id=j.job_id where j.JOB_TYPE='Cutting' group by a.j_id
       *
ERROR at line 1:
ORA-00979: not a GROUP BY expression 


SQL> select sum(a.total_hrs) from job j join assigned a on a.j_id=j.job_id where j.JOB_TYPE='Cutting' group by a.j_id;

SUM(A.TOTAL_HRS)                                                                                                                                                                                        
----------------                                                                                                                                                                                        
             215                                                                                                                                                                                        

SQL> -- 4. What are the total hours allocated for Job "Cutting"
SQL> select sum(a.total_hrs) from job j join assigned a on a.j_id=j.job_id where j.JOB_TYPE='Cutting' group by a.j_id;

SUM(A.TOTAL_HRS)                                                                                                                                                                                        
----------------                                                                                                                                                                                        
             215                                                                                                                                                                                        

SQL> -- 5. Display all the jobs that are still pending
SQL> select j.job_type from job j join assigned a on a.j_id=j.job_id where a.status='Pending';

JOB_TYPE                                                                                                                                                                                                
------------                                                                                                                                                                                            
Packing                                                                                                                                                                                                 
Cutting                                                                                                                                                                                                 

SQL> commit;

Commit complete.

SQL> -- day-8 done ????
SQL> spool off;
