select * from tab;

TNAME                          TABTYPE  CLUSTERID                                                                                                                                                       
------------------------------ ------- ----------                                                                                                                                                       
APPLICANT                      TABLE                                                                                                                                                                    
APPLICANT_MASTER               TABLE                                                                                                                                                                    
CLIENT1                        TABLE                                                                                                                                                                    
CLIENT2                        TABLE                                                                                                                                                                    
CLIENT3                        TABLE                                                                                                                                                                    
CLIENT4                        TABLE                                                                                                                                                                    
CLIENT5                        TABLE                                                                                                                                                                    
CLIENTS                        TABLE                                                                                                                                                                    
CLIENT_MASTER                  TABLE                                                                                                                                                                    
COMPANY                        TABLE                                                                                                                                                                    
COURSE                         TABLE                                                                                                                                                                    
COURSE_MASTER                  TABLE                                                                                                                                                                    
CUSTOMER                       TABLE                                                                                                                                                                    
CUSTOMER1                      TABLE                                                                                                                                                                    
DEPT                           TABLE                                                                                                                                                                    
DISTRIBUTOR                    TABLE                                                                                                                                                                    
DIST_ITEM                      TABLE                                                                                                                                                                    
EMP                            TABLE                                                                                                                                                                    
EMPLOYEE                       TABLE                                                                                                                                                                    
EMPLOYEE_MASTER                TABLE                                                                                                                                                                    
ENROLL                         TABLE                                                                                                                                                                    
ENROLLMENT1                    TABLE                                                                                                                                                                    
ENTRANCE_TEST                  TABLE                                                                                                                                                                    
ETEST_DETAILS                  TABLE                                                                                                                                                                    
ETEST_DETAILS_VIEW             VIEW                                                                                                                                                                     
FACULTY_MASTER                 TABLE                                                                                                                                                                    
FYRANKERS                      TABLE                                                                                                                                                                    
GARBA                          TABLE                                                                                                                                                                    
ITEM                           TABLE                                                                                                                                                                    
ORDER_DETAIL                   TABLE                                                                                                                                                                    
ORDER_DETAILS                  TABLE                                                                                                                                                                    
ORDER_MASTER                   TABLE                                                                                                                                                                    
PRODUCT                        TABLE                                                                                                                                                                    
PRODUCTS                       TABLE                                                                                                                                                                    
PRODUCT_MASTER                 TABLE                                                                                                                                                                    
S                              TABLE                                                                                                                                                                    
SALESMAN                       TABLE                                                                                                                                                                    
SALESMAN_MASTER                TABLE                                                                                                                                                                    
STUDENT                        TABLE                                                                                                                                                                    
STUDENTS1                      TABLE                                                                                                                                                                    
STUDENT_CONS                   TABLE                                                                                                                                                                    
STUDENT_MASTER                 TABLE                                                                                                                                                                    
STUDENT_TAB                    TABLE                                                                                                                                                                    
SUPPLIER                       TABLE                                                                                                                                                                    
SYRANKERS                      TABLE                                                                                                                                                                    

45 rows selected.

SQL> -- day-10 Q1 tables => PRODUCTS, ORDER_DETAILS
SQL> select * from PRODUCTS;

P_NO  PROFIT_PER UNIT         QTY_HAND   RE_ORDER     SELL_P     COST_P                                                                                                                                 
----- ---------- ---------- ---------- ---------- ---------- ----------                                                                                                                                 
P003           6 PIECE             100         50        350        200                                                                                                                                 
P004           3 PIECE             100         20        820        600                                                                                                                                 

SQL> select * from product;

   PROD_ID PROD_NAME            SUPPLIER_ID     CAT_ID UNIT            PRICE                                                                                                                            
---------- -------------------- ----------- ---------- ---------- ----------                                                                                                                            
         1 Product 1                    101          1 Piece             100                                                                                                                            
         2 Product 2                    102          2 Box                25                                                                                                                            
         3 Product 3                    103          3 Pack               30                                                                                                                            
         4 Product 4                    104          1 Bag                15                                                                                                                            

SQL> rename products to product1;

Table renamed.

SQL> rename product products;
rename product products
               *
ERROR at line 1:
ORA-00946: missing TO keyword 


SQL> rename product to products;

Table renamed.

SQL> rename product1 to product;

Table renamed.

SQL> select * from PRODUCTS;

   PROD_ID PROD_NAME            SUPPLIER_ID     CAT_ID UNIT            PRICE                                                                                                                            
---------- -------------------- ----------- ---------- ---------- ----------                                                                                                                            
         1 Product 1                    101          1 Piece             100                                                                                                                            
         2 Product 2                    102          2 Box                25                                                                                                                            
         3 Product 3                    103          3 Pack               30                                                                                                                            
         4 Product 4                    104          1 Bag                15                                                                                                                            

SQL> select * from ORDER_DETAILS;

ORDERDETAIL_ID   ORDER_ID    PROD_ID   QUANTITY                                                                                                                                                         
-------------- ---------- ---------- ----------                                                                                                                                                         
             1          3          1         10                                                                                                                                                         
             2          3          2          5                                                                                                                                                         
             3          3          3          3                                                                                                                                                         

SQL> -- 1. Write a PLSQL block to display total number of products ordered in Order_ID = 3
SQL> begin
  2      select count(prod_id) as total_products from ORDER_DETAILS where ORDER_ID=3;
  3  end;
  4  /
    select count(prod_id) as total_products from ORDER_DETAILS where ORDER_ID=3;
    *
ERROR at line 2:
ORA-06550: line 2, column 5: 
PLS-00428: an INTO clause is expected in this SELECT statement 


SQL> ed
Wrote file afiedt.buf

  1  declar
  2      total_products number;
  3  begin
  4      select count(prod_id) INTO total_products from ORDER_DETAILS where ORDER_ID=3;
  5* end;
SQL> /
declar
*
ERROR at line 1:
ORA-00900: invalid SQL statement 


SQL> ed
Wrote file afiedt.buf

  1  declare
  2      total_products number;
  3  begin
  4      select count(prod_id) INTO total_products from ORDER_DETAILS where ORDER_ID=3;
  5* end;
SQL> /

PL/SQL procedure successfully completed.

SQL> ed
Wrote file afiedt.buf

  1  declare
  2      total_products number;
  3  begin
  4      select count(prod_id) INTO total_products from ORDER_DETAILS where ORDER_ID=3;
  5      dbms_output.put_line('total number of products: ' || total_products);
  6* end;
SQL> /
total number of products: 3                                                                                                                                                                             

PL/SQL procedure successfully completed.

SQL> -- 2. Write a PLSQL block to update the price (actual price + 5) of product with Id = 2
SQL> ed
Wrote file afiedt.buf

  1  begin
  2      update PRODUCT set PRICE=PRICE+5 where PROD_ID=2;
  3* end;
SQL> /
    update PRODUCT set PRICE=PRICE+5 where PROD_ID=2;
                                           *
ERROR at line 2:
ORA-06550: line 2, column 44: 
PL/SQL: ORA-00904: "PROD_ID": invalid identifier 
ORA-06550: line 2, column 5: 
PL/SQL: SQL Statement ignored 


SQL> ed
Wrote file afiedt.buf

  1  begin
  2      update PRODUCTS set PRICE=PRICE+5 where PROD_ID=2;
  3* end;
SQL> /

PL/SQL procedure successfully completed.

SQL> -- 3. Write a PLSQL block to delete the products of Cat_Id = 3
SQL> ed
Wrote file afiedt.buf

  1  begin
  2      delete from PRODUCTS where Cat_Id=3;
  3* end;
SQL> /
begin
*
ERROR at line 1:
ORA-02292: integrity constraint (MCAB250013.SYS_C0048692) violated - child record found 
ORA-06512: at line 2 


SQL> set linesize 500;
SQL> set pagesize 500;
SQL> select * from FROM USER_CONSTRAINTS WHERE TABLE_NAME = 'PRODUCTS';
select * from FROM USER_CONSTRAINTS WHERE TABLE_NAME = 'PRODUCTS'
              *
ERROR at line 1:
ORA-00903: invalid table name 


SQL> ed
Wrote file afiedt.buf

  1* SELECT * FROM USER_CONSTRAINTS WHERE TABLE_NAME = 'PRODUCTS'
SQL> /

OWNER                          CONSTRAINT_NAME                C TABLE_NAME                     SEARCH_CONDITION                                                                 R_OWNER                        R_CONSTRAINT_NAME              DELETE_RU STATUS   DEFERRABLE     DEFERRED  VALIDATED     GENERATED      BAD RELY LAST_CHAN INDEX_OWNER                    INDEX_NAME                     INVALID VIEW_RELATED                                                                                        
------------------------------ ------------------------------ - ------------------------------ -------------------------------------------------------------------------------- ------------------------------ ------------------------------ --------- -------- -------------- --------- ------------- -------------- --- ---- --------- ------------------------------ ------------------------------ ------- --------------                                                                                      
MCAB250013                     SYS_C0048687                   P PRODUCTS                                                                                                                                                                                ENABLED  NOT DEFERRABLE IMMEDIATE VALIDATED     GENERATED NAME          22-SEP-25 MCAB250013                     SYS_C0048687                                                                                                                               

SQL> alter table PRODUCTS drop CONSTRAINTS SYS_C0048687;
alter table PRODUCTS drop CONSTRAINTS SYS_C0048687
                                      *
ERROR at line 1:
ORA-02273: this unique/primary key is referenced by some foreign keys 


SQL> alter table PRODUCTS drop CONSTRAINTS SYS_C0048692;
alter table PRODUCTS drop CONSTRAINTS SYS_C0048692
                                      *
ERROR at line 1:
ORA-02443: Cannot drop constraint  - nonexistent constraint 


SQL> SELECT * FROM USER_CONSTRAINTS WHERE TABLE_NAME = 'ORDER_DETAILS';

OWNER                          CONSTRAINT_NAME                C TABLE_NAME                     SEARCH_CONDITION                                                                 R_OWNER                        R_CONSTRAINT_NAME              DELETE_RU STATUS   DEFERRABLE     DEFERRED  VALIDATED     GENERATED      BAD RELY LAST_CHAN INDEX_OWNER                    INDEX_NAME                     INVALID VIEW_RELATED                                                                                        
------------------------------ ------------------------------ - ------------------------------ -------------------------------------------------------------------------------- ------------------------------ ------------------------------ --------- -------- -------------- --------- ------------- -------------- --- ---- --------- ------------------------------ ------------------------------ ------- --------------                                                                                      
MCAB250013                     SYS_C0048691                   P ORDER_DETAILS                                                                                                                                                                           ENABLED  NOT DEFERRABLE IMMEDIATE VALIDATED     GENERATED NAME          22-SEP-25 MCAB250013                     SYS_C0048691                                                                                                                               
MCAB250013                     SYS_C0048692                   R ORDER_DETAILS                                                                                                   MCAB250013                     SYS_C0048687                   NO ACTION ENABLED  NOT DEFERRABLE IMMEDIATE VALIDATED     GENERATED NAME          22-SEP-25                                                                                                                                                                           

SQL> alter table ORDER_DETAILS drop CONSTRAINTS SYS_C0048692;

Table altered.

SQL> ed
Wrote file afiedt.buf

  1  begin
  2      delete from PRODUCTS where Cat_Id=3;
  3* end;
SQL> /

PL/SQL procedure successfully completed.

SQL> select * from PRODUCTS;

   PROD_ID PROD_NAME            SUPPLIER_ID     CAT_ID UNIT            PRICE                                                                                                                                                                                                                                                                                                                                                                                                                                        
---------- -------------------- ----------- ---------- ---------- ----------                                                                                                                                                                                                                                                                                                                                                                                                                                        
         1 Product 1                    101          1 Piece             100                                                                                                                                                                                                                                                                                                                                                                                                                                        
         2 Product 2                    102          2 Box                30                                                                                                                                                                                                                                                                                                                                                                                                                                        
         4 Product 4                    104          1 Bag                15                                                                                                                                                                                                                                                                                                                                                                                                                                        

SQL> -- 4. Write a PLSQL block to insert any product whose cat_id = 3
SQL> -- we delete record that have cat_id=3 now insert firt than record than perform query-4
SQL> INSERT INTO PRODUCTS (Prod_ID, Prod_Name, Supplier_ID, Cat_ID, Unit, Price) VALUES (3, 'Product 3', 103, 3, 'Pack', 30);

1 row created.

SQL> select * from PRODUCTS;

   PROD_ID PROD_NAME            SUPPLIER_ID     CAT_ID UNIT            PRICE                                                                                                                                                                                                                                                                                                                                                                                                                                        
---------- -------------------- ----------- ---------- ---------- ----------                                                                                                                                                                                                                                                                                                                                                                                                                                        
         3 Product 3                    103          3 Pack               30                                                                                                                                                                                                                                                                                                                                                                                                                                        
         1 Product 1                    101          1 Piece             100                                                                                                                                                                                                                                                                                                                                                                                                                                        
         2 Product 2                    102          2 Box                30                                                                                                                                                                                                                                                                                                                                                                                                                                        
         4 Product 4                    104          1 Bag                15                                                                                                                                                                                                                                                                                                                                                                                                                                        

SQL> -- 4. Write a PLSQL block to insert any product whose cat_id = 3
SQL> delete from PRODUCTS where Cat_Id=3;

1 row deleted.

SQL> select * from PRODUCTS;

   PROD_ID PROD_NAME            SUPPLIER_ID     CAT_ID UNIT            PRICE                                                                                                                                                                                                                                                                                                                                                                                                                                        
---------- -------------------- ----------- ---------- ---------- ----------                                                                                                                                                                                                                                                                                                                                                                                                                                        
         1 Product 1                    101          1 Piece             100                                                                                                                                                                                                                                                                                                                                                                                                                                        
         2 Product 2                    102          2 Box                30                                                                                                                                                                                                                                                                                                                                                                                                                                        
         4 Product 4                    104          1 Bag                15                                                                                                                                                                                                                                                                                                                                                                                                                                        

SQL> ed
Wrote file afiedt.buf

  1* select * from PRODUCTS
SQL> ed
Wrote file afiedt.buf

  1  begin
  2  	INSERT INTO PRODUCTS (Prod_ID, Prod_Name, Supplier_ID, Cat_ID, Unit, Price) VALUES (3, 'Product 3', 103, 3, 'Pack', 30);
  3* end;
SQL> /

PL/SQL procedure successfully completed.

SQL> select * from PRODUCTS;

   PROD_ID PROD_NAME            SUPPLIER_ID     CAT_ID UNIT            PRICE                                                                                                                                                                                                                                                                                                                                                                                                                                        
---------- -------------------- ----------- ---------- ---------- ----------                                                                                                                                                                                                                                                                                                                                                                                                                                        
         3 Product 3                    103          3 Pack               30                                                                                                                                                                                                                                                                                                                                                                                                                                        
         1 Product 1                    101          1 Piece             100                                                                                                                                                                                                                                                                                                                                                                                                                                        
         2 Product 2                    102          2 Box                30                                                                                                                                                                                                                                                                                                                                                                                                                                        
         4 Product 4                    104          1 Bag                15                                                                                                                                                                                                                                                                                                                                                                                                                                        

SQL> -- 5. Write a PLSQL block to display Supplier_Id and their total number of products they supply
SQL> 
